#0 building with "desktop-linux" instance using docker driver

#1 [internal] load build definition from Dockerfile
#1 transferring dockerfile: 1.18kB 0.0s done
#1 DONE 0.1s

#2 [internal] load metadata for docker.io/library/python:3.11-slim@sha256:9534e5a8e315485d4061ed659af0fd78a284c015f9b73661b41d6bab25604534
#2 DONE 1.8s

#3 [internal] load .dockerignore
#3 transferring context: 90B 0.0s done
#3 DONE 0.0s

#4 [ 1/11] FROM docker.io/library/python:3.11-slim@sha256:9534e5a8e315485d4061ed659af0fd78a284c015f9b73661b41d6bab25604534
#4 CACHED

#5 [internal] load build context
#5 transferring context: 12.77kB 0.0s done
#5 DONE 0.0s

#6 [ 2/11] COPY apt-packages.lock /tmp/apt-packages.lock
#6 DONE 0.1s

#7 [ 3/11] RUN apt-get update && apt-get install -y --no-install-recommends $(cat /tmp/apt-packages.lock)     && rm -rf /var/lib/apt/lists/*
#7 1.287 Hit:1 http://deb.debian.org/debian trixie InRelease
#7 1.287 Get:2 http://deb.debian.org/debian trixie-updates InRelease [47.3 kB]
#7 1.297 Get:3 http://deb.debian.org/debian-security trixie-security InRelease [43.4 kB]
#7 1.372 Get:4 http://deb.debian.org/debian trixie/main amd64 Packages [9673 kB]
#7 4.481 Get:5 http://deb.debian.org/debian trixie-updates/main amd64 Packages [4412 B]
#7 4.485 Get:6 http://deb.debian.org/debian-security trixie-security/main amd64 Packages [252 kB]
#7 5.433 Fetched 10.0 MB in 4s (2336 kB/s)
#7 5.433 Reading package lists...
#7 6.282 Reading package lists...
#7 6.954 Building dependency tree...
#7 7.204 Reading state information...
#7 7.245 adduser is already the newest version (3.152).
#7 7.245 adduser set to manually installed.
#7 7.245 apt is already the newest version (3.0.3).
#7 7.245 apt set to manually installed.
#7 7.245 base-files is already the newest version (13.8+deb13u6).
#7 7.245 base-files set to manually installed.
#7 7.245 base-passwd is already the newest version (3.6.7).
#7 7.245 base-passwd set to manually installed.
#7 7.245 bash is already the newest version (5.2.37-2+b9).
#7 7.245 bash set to manually installed.
#7 7.245 bsdutils is already the newest version (1:2.41.5-0+deb13u1).
#7 7.245 bsdutils set to manually installed.
#7 7.245 ca-certificates is already the newest version (20250419).
#7 7.245 coreutils is already the newest version (9.7-3).
#7 7.245 coreutils set to manually installed.
#7 7.245 dash is already the newest version (0.5.12-12).
#7 7.245 dash set to manually installed.
#7 7.245 debconf is already the newest version (1.5.91).
#7 7.245 debconf set to manually installed.
#7 7.245 debian-archive-keyring is already the newest version (2025.1).
#7 7.245 debian-archive-keyring set to manually installed.
#7 7.245 debianutils is already the newest version (5.23.2).
#7 7.245 debianutils set to manually installed.
#7 7.245 diffutils is already the newest version (1:3.10-4).
#7 7.245 diffutils set to manually installed.
#7 7.245 dpkg is already the newest version (1.22.22).
#7 7.245 dpkg set to manually installed.
#7 7.245 findutils is already the newest version (4.10.0-3).
#7 7.245 findutils set to manually installed.
#7 7.245 gcc-14-base is already the newest version (14.2.0-19).
#7 7.245 gcc-14-base set to manually installed.
#7 7.245 grep is already the newest version (3.11-4).
#7 7.245 grep set to manually installed.
#7 7.245 gzip is already the newest version (1.13-1).
#7 7.245 gzip set to manually installed.
#7 7.245 hostname is already the newest version (3.25).
#7 7.245 hostname set to manually installed.
#7 7.245 init-system-helpers is already the newest version (1.69~deb13u1).
#7 7.245 init-system-helpers set to manually installed.
#7 7.245 libacl1 is already the newest version (2.3.2-2+b1).
#7 7.245 libacl1 set to manually installed.
#7 7.245 libapt-pkg7.0 is already the newest version (3.0.3).
#7 7.245 libapt-pkg7.0 set to manually installed.
#7 7.245 libattr1 is already the newest version (1:2.5.2-3).
#7 7.245 libattr1 set to manually installed.
#7 7.245 libaudit-common is already the newest version (1:4.0.2-2).
#7 7.245 libaudit-common set to manually installed.
#7 7.245 libaudit1 is already the newest version (1:4.0.2-2+b2).
#7 7.245 libaudit1 set to manually installed.
#7 7.245 libblkid1 is already the newest version (2.41.5-0+deb13u1).
#7 7.245 libblkid1 set to manually installed.
#7 7.245 libbsd0 is already the newest version (0.12.2-2).
#7 7.245 libbsd0 set to manually installed.
#7 7.245 libbz2-1.0 is already the newest version (1.0.8-6).
#7 7.245 libc-bin is already the newest version (2.41-12+deb13u3).
#7 7.245 libc-bin set to manually installed.
#7 7.245 libc6 is already the newest version (2.41-12+deb13u3).
#7 7.245 libcap-ng0 is already the newest version (0.8.5-4+b1).
#7 7.245 libcap-ng0 set to manually installed.
#7 7.245 libcap2 is already the newest version (1:2.75-10+deb13u1+b1).
#7 7.245 libcap2 set to manually installed.
#7 7.245 libcrypt1 is already the newest version (1:4.4.38-1).
#7 7.245 libdb5.3t64 is already the newest version (5.3.28+dfsg2-9).
#7 7.245 libdebconfclient0 is already the newest version (0.280).
#7 7.245 libdebconfclient0 set to manually installed.
#7 7.245 libffi8 is already the newest version (3.4.8-2).
#7 7.245 libgcc-s1 is already the newest version (14.2.0-19).
#7 7.245 libgcc-s1 set to manually installed.
#7 7.245 libgdbm6t64 is already the newest version (1.24-2).
#7 7.245 libgmp10 is already the newest version (2:6.3.0+dfsg-3).
#7 7.245 libgmp10 set to manually installed.
#7 7.245 libhogweed6t64 is already the newest version (3.10.1-1).
#7 7.245 libhogweed6t64 set to manually installed.
#7 7.245 liblastlog2-2 is already the newest version (2.41.5-0+deb13u1).
#7 7.245 liblastlog2-2 set to manually installed.
#7 7.245 liblz4-1 is already the newest version (1.10.0-4).
#7 7.245 liblz4-1 set to manually installed.
#7 7.245 liblzma5 is already the newest version (5.8.1-1+deb13u1).
#7 7.245 libmd0 is already the newest version (1.1.0-2+b1).
#7 7.245 libmd0 set to manually installed.
#7 7.245 libmount1 is already the newest version (2.41.5-0+deb13u1).
#7 7.245 libmount1 set to manually installed.
#7 7.245 libncursesw6 is already the newest version (6.5+20250216-2).
#7 7.245 libnettle8t64 is already the newest version (3.10.1-1).
#7 7.245 libnettle8t64 set to manually installed.
#7 7.245 libpam-modules is already the newest version (1.7.0-5).
#7 7.245 libpam-modules set to manually installed.
#7 7.245 libpam-modules-bin is already the newest version (1.7.0-5).
#7 7.665 libpam-modules-bin set to manually installed.
#7 7.665 libpam-runtime is already the newest version (1.7.0-5).
#7 7.665 libpam-runtime set to manually installed.
#7 7.665 libpam0g is already the newest version (1.7.0-5).
#7 7.665 libpam0g set to manually installed.
#7 7.665 libpcre2-8-0 is already the newest version (10.46-1~deb13u1).
#7 7.665 libpcre2-8-0 set to manually installed.
#7 7.665 libreadline8t64 is already the newest version (8.2-6).
#7 7.665 libseccomp2 is already the newest version (2.6.0-2).
#7 7.665 libseccomp2 set to manually installed.
#7 7.665 libselinux1 is already the newest version (3.8.1-1).
#7 7.665 libselinux1 set to manually installed.
#7 7.665 libsemanage-common is already the newest version (3.8.1-1).
#7 7.665 libsemanage-common set to manually installed.
#7 7.665 libsemanage2 is already the newest version (3.8.1-1).
#7 7.665 libsemanage2 set to manually installed.
#7 7.665 libsepol2 is already the newest version (3.8.1-1).
#7 7.665 libsepol2 set to manually installed.
#7 7.665 libsmartcols1 is already the newest version (2.41.5-0+deb13u1).
#7 7.665 libsmartcols1 set to manually installed.
#7 7.665 libsqlite3-0 is already the newest version (3.46.1-7+deb13u1).
#7 7.665 libssl3t64 is already the newest version (3.5.7-1~deb13u2).
#7 7.665 libstdc++6 is already the newest version (14.2.0-19).
#7 7.665 libstdc++6 set to manually installed.
#7 7.665 libsystemd0 is already the newest version (257.13-1~deb13u1).
#7 7.665 libsystemd0 set to manually installed.
#7 7.665 libtinfo6 is already the newest version (6.5+20250216-2).
#7 7.665 libudev1 is already the newest version (257.13-1~deb13u1).
#7 7.665 libudev1 set to manually installed.
#7 7.665 libuuid1 is already the newest version (2.41.5-0+deb13u1).
#7 7.665 libxxhash0 is already the newest version (0.8.3-2).
#7 7.665 libxxhash0 set to manually installed.
#7 7.665 libzstd1 is already the newest version (1.5.7+dfsg-1).
#7 7.665 login is already the newest version (1:4.16.0-2+really2.41.5-0+deb13u1).
#7 7.665 login set to manually installed.
#7 7.665 login.defs is already the newest version (1:4.17.4-2).
#7 7.665 login.defs set to manually installed.
#7 7.665 mawk is already the newest version (1.3.4.20250131-1).
#7 7.665 mawk set to manually installed.
#7 7.665 mount is already the newest version (2.41.5-0+deb13u1).
#7 7.665 mount set to manually installed.
#7 7.665 ncurses-base is already the newest version (6.5+20250216-2).
#7 7.665 ncurses-base set to manually installed.
#7 7.665 ncurses-bin is already the newest version (6.5+20250216-2).
#7 7.665 ncurses-bin set to manually installed.
#7 7.665 netbase is already the newest version (6.5).
#7 7.665 openssl is already the newest version (3.5.7-1~deb13u2).
#7 7.665 openssl set to manually installed.
#7 7.665 openssl-provider-legacy is already the newest version (3.5.7-1~deb13u2).
#7 7.665 openssl-provider-legacy set to manually installed.
#7 7.665 passwd is already the newest version (1:4.17.4-2).
#7 7.665 passwd set to manually installed.
#7 7.665 perl-base is already the newest version (5.40.1-6).
#7 7.665 perl-base set to manually installed.
#7 7.665 readline-common is already the newest version (8.2-6).
#7 7.665 readline-common set to manually installed.
#7 7.665 sed is already the newest version (4.9-2+deb13u1).
#7 7.665 sed set to manually installed.
#7 7.665 sqv is already the newest version (1.3.0-3+b2).
#7 7.665 sqv set to manually installed.
#7 7.665 sysvinit-utils is already the newest version (3.14-4).
#7 7.665 sysvinit-utils set to manually installed.
#7 7.665 tar is already the newest version (1.35+dfsg-3.1).
#7 7.665 tar set to manually installed.
#7 7.665 tzdata is already the newest version (2026b-0+deb13u1).
#7 7.665 util-linux is already the newest version (2.41.5-0+deb13u1).
#7 7.665 util-linux set to manually installed.
#7 7.665 zlib1g is already the newest version (1:1.3.dfsg+really1.3.1-1+b1).
#7 7.665 Suggested packages:
#7 7.665   gettext-base git-doc git-email git-gui gitk gitweb git-cvs git-mediawiki
#7 7.665   git-svn gnutls-bin krb5-doc krb5-user pciutils sensible-utils lm-sensors
#7 7.665   perl-doc libterm-readline-gnu-perl | libterm-readline-perl-perl make
#7 7.665   libtap-harness-archive-perl
#7 7.665 Recommended packages:
#7 7.665   patch less ssh-client krb5-locales libldap-common publicsuffix
#7 7.665   libsasl2-modules mesa-vulkan-drivers | vulkan-icd
#7 8.149 The following NEW packages will be installed:
#7 8.149   fontconfig-config fonts-dejavu-core fonts-dejavu-mono git git-man libbrotli1
#7 8.149   libcom-err2 libcurl3t64-gnutls libdrm-amdgpu1 libdrm-common libdrm-intel1
#7 8.149   libdrm2 libedit2 libegl-mesa0 libegl1 libelf1t64 liberror-perl libexpat1
#7 8.149   libfontconfig1 libfreetype6 libgbm1 libgdbm-compat4t64 libgl1
#7 8.149   libgl1-mesa-dri libglvnd0 libglx-mesa0 libglx0 libgnutls30t64
#7 8.150   libgssapi-krb5-2 libidn2-0 libk5crypto3 libkeyutils1 libkrb5-3
#7 8.150   libkrb5support0 libldap2 libllvm19 libnghttp2-14 libnghttp3-9 libngtcp2-16
#7 8.150   libngtcp2-crypto-gnutls8 libp11-kit0 libpciaccess0 libperl5.40
#7 8.151   libpng16-16t64 libpsl5t64 librtmp1 libsasl2-2 libsasl2-modules-db
#7 8.152   libsensors-config libsensors5 libssh2-1t64 libtasn1-6 libunistring5
#7 8.152   libvulkan1 libwayland-client0 libwayland-server0 libx11-6 libx11-data
#7 8.152   libx11-xcb1 libxau6 libxcb-dri3-0 libxcb-glx0 libxcb-present0 libxcb-randr0
#7 8.152   libxcb-shm0 libxcb-sync1 libxcb-xfixes0 libxcb1 libxdmcp6 libxext6 libxml2
#7 8.153   libxshmfence1 libxxf86vm1 libz3-4 mesa-libgallium perl perl-modules-5.40
#7 8.239 0 upgraded, 77 newly installed, 0 to remove and 0 not upgraded.
#7 8.239 Need to get 75.0 MB of archives.
#7 8.239 After this operation, 339 MB of additional disk space will be used.
#7 8.239 Get:1 http://deb.debian.org/debian-security trixie-security/main amd64 libexpat1 amd64 2.8.3-1~deb13u1 [123 kB]
#7 8.297 Get:2 http://deb.debian.org/debian trixie/main amd64 perl-modules-5.40 all 5.40.1-6 [3019 kB]
#7 9.165 Get:3 http://deb.debian.org/debian trixie/main amd64 libgdbm-compat4t64 amd64 1.24-2 [50.3 kB]
#7 9.179 Get:4 http://deb.debian.org/debian trixie/main amd64 libperl5.40 amd64 5.40.1-6 [4341 kB]
#7 10.44 Get:5 http://deb.debian.org/debian trixie/main amd64 perl amd64 5.40.1-6 [267 kB]
#7 10.54 Get:6 http://deb.debian.org/debian trixie/main amd64 fonts-dejavu-mono all 2.37-8 [489 kB]
#7 10.68 Get:7 http://deb.debian.org/debian trixie/main amd64 fonts-dejavu-core all 2.37-8 [840 kB]
#7 10.93 Get:8 http://deb.debian.org/debian trixie/main amd64 fontconfig-config amd64 2.15.0-2.3 [318 kB]
#7 11.03 Get:9 http://deb.debian.org/debian trixie/main amd64 libbrotli1 amd64 1.1.0-2+b7 [307 kB]
#7 11.13 Get:10 http://deb.debian.org/debian trixie/main amd64 libunistring5 amd64 1.3-2 [477 kB]
#7 11.27 Get:11 http://deb.debian.org/debian trixie/main amd64 libidn2-0 amd64 2.3.8-2 [109 kB]
#7 11.29 Get:12 http://deb.debian.org/debian trixie/main amd64 libp11-kit0 amd64 0.25.5-3 [425 kB]
#7 11.42 Get:13 http://deb.debian.org/debian trixie/main amd64 libtasn1-6 amd64 4.20.0-2+deb13u1 [50.1 kB]
#7 11.43 Get:14 http://deb.debian.org/debian trixie/main amd64 libgnutls30t64 amd64 3.8.9-3+deb13u4 [1469 kB]
#7 11.91 Get:15 http://deb.debian.org/debian trixie/main amd64 libkrb5support0 amd64 1.21.3-5+deb13u1 [33.1 kB]
#7 11.91 Get:16 http://deb.debian.org/debian trixie/main amd64 libcom-err2 amd64 1.47.2-3+b11 [25.0 kB]
#7 11.92 Get:17 http://deb.debian.org/debian trixie/main amd64 libk5crypto3 amd64 1.21.3-5+deb13u1 [81.2 kB]
#7 11.92 Get:18 http://deb.debian.org/debian trixie/main amd64 libkeyutils1 amd64 1.6.3-6 [9456 B]
#7 11.92 Get:19 http://deb.debian.org/debian trixie/main amd64 libkrb5-3 amd64 1.21.3-5+deb13u1 [326 kB]
#7 12.00 Get:20 http://deb.debian.org/debian trixie/main amd64 libgssapi-krb5-2 amd64 1.21.3-5+deb13u1 [138 kB]
#7 12.04 Get:21 http://deb.debian.org/debian trixie/main amd64 libsasl2-modules-db amd64 2.1.28+dfsg1-9 [19.8 kB]
#7 12.05 Get:22 http://deb.debian.org/debian trixie/main amd64 libsasl2-2 amd64 2.1.28+dfsg1-9 [57.5 kB]
#7 12.07 Get:23 http://deb.debian.org/debian trixie/main amd64 libldap2 amd64 2.6.10+dfsg-1 [194 kB]
#7 12.21 Get:24 http://deb.debian.org/debian trixie/main amd64 libnghttp2-14 amd64 1.64.0-1.1+deb13u1 [76.2 kB]
#7 12.23 Get:25 http://deb.debian.org/debian trixie/main amd64 libnghttp3-9 amd64 1.8.0-1 [67.7 kB]
#7 12.24 Get:26 http://deb.debian.org/debian trixie/main amd64 libngtcp2-16 amd64 1.11.0-1+deb13u1 [132 kB]
#7 12.24 Get:27 http://deb.debian.org/debian trixie/main amd64 libngtcp2-crypto-gnutls8 amd64 1.11.0-1+deb13u1 [29.5 kB]
#7 12.24 Get:28 http://deb.debian.org/debian trixie/main amd64 libpsl5t64 amd64 0.21.2-1.1+b1 [57.2 kB]
#7 12.24 Get:29 http://deb.debian.org/debian trixie/main amd64 librtmp1 amd64 2.4+20151223.gitfa8646d.1-2+b5 [58.8 kB]
#7 12.25 Get:30 http://deb.debian.org/debian trixie/main amd64 libssh2-1t64 amd64 1.11.1-1+deb13u1 [245 kB]
#7 12.35 Get:31 http://deb.debian.org/debian trixie/main amd64 libcurl3t64-gnutls amd64 8.14.1-2+deb13u4 [384 kB]
#7 12.45 Get:32 http://deb.debian.org/debian trixie/main amd64 liberror-perl all 0.17030-1 [26.9 kB]
#7 12.46 Get:33 http://deb.debian.org/debian trixie/main amd64 git-man all 1:2.47.3-0+deb13u1 [2205 kB]
#7 13.10 Get:34 http://deb.debian.org/debian trixie/main amd64 git amd64 1:2.47.3-0+deb13u1 [8862 kB]
#7 15.68 Get:35 http://deb.debian.org/debian trixie/main amd64 libdrm-common all 2.4.124-2 [8288 B]
#7 15.68 Get:36 http://deb.debian.org/debian trixie/main amd64 libdrm2 amd64 2.4.124-2 [39.0 kB]
#7 15.69 Get:37 http://deb.debian.org/debian trixie/main amd64 libdrm-amdgpu1 amd64 2.4.124-2 [22.6 kB]
#7 15.70 Get:38 http://deb.debian.org/debian trixie/main amd64 libpciaccess0 amd64 0.17-3+b3 [51.9 kB]
#7 15.71 Get:39 http://deb.debian.org/debian trixie/main amd64 libdrm-intel1 amd64 2.4.124-2 [64.1 kB]
#7 15.73 Get:40 http://deb.debian.org/debian trixie/main amd64 libedit2 amd64 3.1-20250104-1 [93.8 kB]
#7 15.78 Get:41 http://deb.debian.org/debian trixie/main amd64 libwayland-server0 amd64 1.23.1-3 [34.4 kB]
#7 15.78 Get:42 http://deb.debian.org/debian trixie/main amd64 libelf1t64 amd64 0.192-4 [189 kB]
#7 15.85 Get:43 http://deb.debian.org/debian trixie/main amd64 libxml2 amd64 2.12.7+dfsg+really2.9.14-2.1+deb13u3 [700 kB]
#7 16.06 Get:44 http://deb.debian.org/debian trixie/main amd64 libz3-4 amd64 4.13.3-1 [8560 kB]
#7 18.56 Get:45 http://deb.debian.org/debian trixie/main amd64 libllvm19 amd64 1:19.1.7-3+b1 [26.0 MB]
#7 26.15 Get:46 http://deb.debian.org/debian trixie/main amd64 libsensors-config all 1:3.6.2-2 [16.2 kB]
#7 26.15 Get:47 http://deb.debian.org/debian trixie/main amd64 libsensors5 amd64 1:3.6.2-2 [37.5 kB]
#7 26.16 Get:48 http://deb.debian.org/debian trixie/main amd64 libxau6 amd64 1:1.0.11-1 [20.4 kB]
#7 26.16 Get:49 http://deb.debian.org/debian trixie/main amd64 libxdmcp6 amd64 1:1.1.5-1 [27.8 kB]
#7 26.18 Get:50 http://deb.debian.org/debian trixie/main amd64 libxcb1 amd64 1.17.0-2+b1 [144 kB]
#7 26.21 Get:51 http://deb.debian.org/debian trixie/main amd64 libx11-data all 2:1.8.12-1 [343 kB]
#7 26.32 Get:52 http://deb.debian.org/debian trixie/main amd64 libx11-6 amd64 2:1.8.12-1 [815 kB]
#7 26.55 Get:53 http://deb.debian.org/debian trixie/main amd64 libx11-xcb1 amd64 2:1.8.12-1 [247 kB]
#7 26.63 Get:54 http://deb.debian.org/debian trixie/main amd64 libxcb-dri3-0 amd64 1.17.0-2+b1 [107 kB]
#7 26.66 Get:55 http://deb.debian.org/debian trixie/main amd64 libxcb-present0 amd64 1.17.0-2+b1 [106 kB]
#7 26.70 Get:56 http://deb.debian.org/debian trixie/main amd64 libxcb-randr0 amd64 1.17.0-2+b1 [117 kB]
#7 26.74 Get:57 http://deb.debian.org/debian trixie/main amd64 libxcb-sync1 amd64 1.17.0-2+b1 [109 kB]
#7 26.79 Get:58 http://deb.debian.org/debian trixie/main amd64 libxcb-xfixes0 amd64 1.17.0-2+b1 [109 kB]
#7 26.81 Get:59 http://deb.debian.org/debian trixie/main amd64 libxshmfence1 amd64 1.3.3-1 [10.9 kB]
#7 26.81 Get:60 http://deb.debian.org/debian trixie/main amd64 mesa-libgallium amd64 25.0.7-2+deb13u1 [9630 kB]
#7 29.63 Get:61 http://deb.debian.org/debian trixie/main amd64 libgbm1 amd64 25.0.7-2+deb13u1 [44.6 kB]
#7 29.64 Get:62 http://deb.debian.org/debian trixie/main amd64 libwayland-client0 amd64 1.23.1-3 [26.8 kB]
#7 29.65 Get:63 http://deb.debian.org/debian trixie/main amd64 libxcb-shm0 amd64 1.17.0-2+b1 [105 kB]
#7 29.69 Get:64 http://deb.debian.org/debian trixie/main amd64 libegl-mesa0 amd64 25.0.7-2+deb13u1 [128 kB]
#7 29.73 Get:65 http://deb.debian.org/debian trixie/main amd64 libpng16-16t64 amd64 1.6.48-1+deb13u5 [283 kB]
#7 29.81 Get:66 http://deb.debian.org/debian trixie/main amd64 libfreetype6 amd64 2.13.3+dfsg-1+deb13u1 [452 kB]
#7 29.95 Get:67 http://deb.debian.org/debian trixie/main amd64 libfontconfig1 amd64 2.15.0-2.3 [392 kB]
#7 30.06 Get:68 http://deb.debian.org/debian trixie/main amd64 libglvnd0 amd64 1.7.0-1+b2 [52.0 kB]
#7 30.08 Get:69 http://deb.debian.org/debian trixie/main amd64 libxcb-glx0 amd64 1.17.0-2+b1 [122 kB]
#7 30.13 Get:70 http://deb.debian.org/debian trixie/main amd64 libxext6 amd64 2:1.3.4-1+b3 [50.4 kB]
#7 30.13 Get:71 http://deb.debian.org/debian trixie/main amd64 libxxf86vm1 amd64 1:1.1.4-1+b4 [19.3 kB]
#7 30.14 Get:72 http://deb.debian.org/debian trixie/main amd64 libvulkan1 amd64 1.4.309.0-1 [130 kB]
#7 30.18 Get:73 http://deb.debian.org/debian trixie/main amd64 libgl1-mesa-dri amd64 25.0.7-2+deb13u1 [46.2 kB]
#7 30.21 Get:74 http://deb.debian.org/debian trixie/main amd64 libglx-mesa0 amd64 25.0.7-2+deb13u1 [143 kB]
#7 30.25 Get:75 http://deb.debian.org/debian trixie/main amd64 libglx0 amd64 1.7.0-1+b2 [34.9 kB]
#7 30.26 Get:76 http://deb.debian.org/debian trixie/main amd64 libgl1 amd64 1.7.0-1+b2 [89.5 kB]
#7 30.28 Get:77 http://deb.debian.org/debian trixie/main amd64 libegl1 amd64 1.7.0-1+b2 [34.6 kB]
#7 30.62 debconf: unable to initialize frontend: Dialog
#7 30.62 debconf: (TERM is not set, so the dialog frontend is not usable.)
#7 30.62 debconf: falling back to frontend: Readline
#7 30.62 debconf: unable to initialize frontend: Readline
#7 30.62 debconf: (Can't locate Term/ReadLine.pm in @INC (you may need to install the Term::ReadLine module) (@INC entries checked: /etc/perl /usr/local/lib/x86_64-linux-gnu/perl/5.40.1 /usr/local/share/perl/5.40.1 /usr/lib/x86_64-linux-gnu/perl5/5.40 /usr/share/perl5 /usr/lib/x86_64-linux-gnu/perl-base /usr/lib/x86_64-linux-gnu/perl/5.40 /usr/share/perl/5.40 /usr/local/lib/site_perl) at /usr/share/perl5/Debconf/FrontEnd/Readline.pm line 8, <STDIN> line 77.)
#7 30.62 debconf: falling back to frontend: Teletype
#7 30.63 debconf: unable to initialize frontend: Teletype
#7 30.63 debconf: (This frontend requires a controlling tty.)
#7 30.63 debconf: falling back to frontend: Noninteractive
#7 32.99 Preconfiguring packages ...
#7 33.11 Fetched 75.0 MB in 22s (3396 kB/s)
#7 33.17 Selecting previously unselected package libexpat1:amd64.
#7 33.17 (Reading database ... 
(Reading database ... 5%
(Reading database ... 10%
(Reading database ... 15%
(Reading database ... 20%
(Reading database ... 25%
(Reading database ... 30%
(Reading database ... 35%
(Reading database ... 40%
(Reading database ... 45%
(Reading database ... 50%
(Reading database ... 55%
(Reading database ... 60%
(Reading database ... 65%
(Reading database ... 70%
(Reading database ... 75%
(Reading database ... 80%
(Reading database ... 85%
(Reading database ... 90%
(Reading database ... 95%
(Reading database ... 100%
(Reading database ... 5652 files and directories currently installed.)
#7 33.21 Preparing to unpack .../00-libexpat1_2.8.3-1~deb13u1_amd64.deb ...
#7 33.22 Unpacking libexpat1:amd64 (2.8.3-1~deb13u1) ...
#7 33.28 Selecting previously unselected package perl-modules-5.40.
#7 33.29 Preparing to unpack .../01-perl-modules-5.40_5.40.1-6_all.deb ...
#7 33.29 Unpacking perl-modules-5.40 (5.40.1-6) ...
#7 34.11 Selecting previously unselected package libgdbm-compat4t64:amd64.
#7 34.11 Preparing to unpack .../02-libgdbm-compat4t64_1.24-2_amd64.deb ...
#7 34.12 Unpacking libgdbm-compat4t64:amd64 (1.24-2) ...
#7 34.18 Selecting previously unselected package libperl5.40:amd64.
#7 34.18 Preparing to unpack .../03-libperl5.40_5.40.1-6_amd64.deb ...
#7 34.19 Unpacking libperl5.40:amd64 (5.40.1-6) ...
#7 34.56 Selecting previously unselected package perl.
#7 34.56 Preparing to unpack .../04-perl_5.40.1-6_amd64.deb ...
#7 34.57 Unpacking perl (5.40.1-6) ...
#7 34.64 Selecting previously unselected package fonts-dejavu-mono.
#7 34.64 Preparing to unpack .../05-fonts-dejavu-mono_2.37-8_all.deb ...
#7 34.65 Unpacking fonts-dejavu-mono (2.37-8) ...
#7 34.73 Selecting previously unselected package fonts-dejavu-core.
#7 34.73 Preparing to unpack .../06-fonts-dejavu-core_2.37-8_all.deb ...
#7 34.76 Unpacking fonts-dejavu-core (2.37-8) ...
#7 34.86 Selecting previously unselected package fontconfig-config.
#7 34.87 Preparing to unpack .../07-fontconfig-config_2.15.0-2.3_amd64.deb ...
#7 34.88 Unpacking fontconfig-config (2.15.0-2.3) ...
#7 34.95 Selecting previously unselected package libbrotli1:amd64.
#7 34.95 Preparing to unpack .../08-libbrotli1_1.1.0-2+b7_amd64.deb ...
#7 34.96 Unpacking libbrotli1:amd64 (1.1.0-2+b7) ...
#7 35.02 Selecting previously unselected package libunistring5:amd64.
#7 35.03 Preparing to unpack .../09-libunistring5_1.3-2_amd64.deb ...
#7 35.03 Unpacking libunistring5:amd64 (1.3-2) ...
#7 35.12 Selecting previously unselected package libidn2-0:amd64.
#7 35.12 Preparing to unpack .../10-libidn2-0_2.3.8-2_amd64.deb ...
#7 35.13 Unpacking libidn2-0:amd64 (2.3.8-2) ...
#7 35.20 Selecting previously unselected package libp11-kit0:amd64.
#7 35.20 Preparing to unpack .../11-libp11-kit0_0.25.5-3_amd64.deb ...
#7 35.20 Unpacking libp11-kit0:amd64 (0.25.5-3) ...
#7 35.29 Selecting previously unselected package libtasn1-6:amd64.
#7 35.29 Preparing to unpack .../12-libtasn1-6_4.20.0-2+deb13u1_amd64.deb ...
#7 35.30 Unpacking libtasn1-6:amd64 (4.20.0-2+deb13u1) ...
#7 35.38 Selecting previously unselected package libgnutls30t64:amd64.
#7 35.38 Preparing to unpack .../13-libgnutls30t64_3.8.9-3+deb13u4_amd64.deb ...
#7 35.39 Unpacking libgnutls30t64:amd64 (3.8.9-3+deb13u4) ...
#7 35.49 Selecting previously unselected package libkrb5support0:amd64.
#7 35.49 Preparing to unpack .../14-libkrb5support0_1.21.3-5+deb13u1_amd64.deb ...
#7 35.50 Unpacking libkrb5support0:amd64 (1.21.3-5+deb13u1) ...
#7 35.56 Selecting previously unselected package libcom-err2:amd64.
#7 35.56 Preparing to unpack .../15-libcom-err2_1.47.2-3+b11_amd64.deb ...
#7 35.56 Unpacking libcom-err2:amd64 (1.47.2-3+b11) ...
#7 35.62 Selecting previously unselected package libk5crypto3:amd64.
#7 35.62 Preparing to unpack .../16-libk5crypto3_1.21.3-5+deb13u1_amd64.deb ...
#7 35.63 Unpacking libk5crypto3:amd64 (1.21.3-5+deb13u1) ...
#7 35.69 Selecting previously unselected package libkeyutils1:amd64.
#7 35.69 Preparing to unpack .../17-libkeyutils1_1.6.3-6_amd64.deb ...
#7 35.70 Unpacking libkeyutils1:amd64 (1.6.3-6) ...
#7 35.76 Selecting previously unselected package libkrb5-3:amd64.
#7 35.76 Preparing to unpack .../18-libkrb5-3_1.21.3-5+deb13u1_amd64.deb ...
#7 35.76 Unpacking libkrb5-3:amd64 (1.21.3-5+deb13u1) ...
#7 35.84 Selecting previously unselected package libgssapi-krb5-2:amd64.
#7 35.85 Preparing to unpack .../19-libgssapi-krb5-2_1.21.3-5+deb13u1_amd64.deb ...
#7 35.85 Unpacking libgssapi-krb5-2:amd64 (1.21.3-5+deb13u1) ...
#7 35.90 Selecting previously unselected package libsasl2-modules-db:amd64.
#7 35.90 Preparing to unpack .../20-libsasl2-modules-db_2.1.28+dfsg1-9_amd64.deb ...
#7 35.91 Unpacking libsasl2-modules-db:amd64 (2.1.28+dfsg1-9) ...
#7 35.96 Selecting previously unselected package libsasl2-2:amd64.
#7 35.97 Preparing to unpack .../21-libsasl2-2_2.1.28+dfsg1-9_amd64.deb ...
#7 35.97 Unpacking libsasl2-2:amd64 (2.1.28+dfsg1-9) ...
#7 36.03 Selecting previously unselected package libldap2:amd64.
#7 36.03 Preparing to unpack .../22-libldap2_2.6.10+dfsg-1_amd64.deb ...
#7 36.04 Unpacking libldap2:amd64 (2.6.10+dfsg-1) ...
#7 36.10 Selecting previously unselected package libnghttp2-14:amd64.
#7 36.10 Preparing to unpack .../23-libnghttp2-14_1.64.0-1.1+deb13u1_amd64.deb ...
#7 36.11 Unpacking libnghttp2-14:amd64 (1.64.0-1.1+deb13u1) ...
#7 36.18 Selecting previously unselected package libnghttp3-9:amd64.
#7 36.18 Preparing to unpack .../24-libnghttp3-9_1.8.0-1_amd64.deb ...
#7 36.19 Unpacking libnghttp3-9:amd64 (1.8.0-1) ...
#7 36.24 Selecting previously unselected package libngtcp2-16:amd64.
#7 36.25 Preparing to unpack .../25-libngtcp2-16_1.11.0-1+deb13u1_amd64.deb ...
#7 36.25 Unpacking libngtcp2-16:amd64 (1.11.0-1+deb13u1) ...
#7 36.31 Selecting previously unselected package libngtcp2-crypto-gnutls8:amd64.
#7 36.32 Preparing to unpack .../26-libngtcp2-crypto-gnutls8_1.11.0-1+deb13u1_amd64.deb ...
#7 36.32 Unpacking libngtcp2-crypto-gnutls8:amd64 (1.11.0-1+deb13u1) ...
#7 36.39 Selecting previously unselected package libpsl5t64:amd64.
#7 36.39 Preparing to unpack .../27-libpsl5t64_0.21.2-1.1+b1_amd64.deb ...
#7 36.40 Unpacking libpsl5t64:amd64 (0.21.2-1.1+b1) ...
#7 36.48 Selecting previously unselected package librtmp1:amd64.
#7 36.48 Preparing to unpack .../28-librtmp1_2.4+20151223.gitfa8646d.1-2+b5_amd64.deb ...
#7 36.49 Unpacking librtmp1:amd64 (2.4+20151223.gitfa8646d.1-2+b5) ...
#7 36.55 Selecting previously unselected package libssh2-1t64:amd64.
#7 36.56 Preparing to unpack .../29-libssh2-1t64_1.11.1-1+deb13u1_amd64.deb ...
#7 36.56 Unpacking libssh2-1t64:amd64 (1.11.1-1+deb13u1) ...
#7 36.63 Selecting previously unselected package libcurl3t64-gnutls:amd64.
#7 36.63 Preparing to unpack .../30-libcurl3t64-gnutls_8.14.1-2+deb13u4_amd64.deb ...
#7 36.64 Unpacking libcurl3t64-gnutls:amd64 (8.14.1-2+deb13u4) ...
#7 36.72 Selecting previously unselected package liberror-perl.
#7 36.72 Preparing to unpack .../31-liberror-perl_0.17030-1_all.deb ...
#7 36.73 Unpacking liberror-perl (0.17030-1) ...
#7 36.80 Selecting previously unselected package git-man.
#7 36.80 Preparing to unpack .../32-git-man_1%3a2.47.3-0+deb13u1_all.deb ...
#7 36.81 Unpacking git-man (1:2.47.3-0+deb13u1) ...
#7 36.93 Selecting previously unselected package git.
#7 36.93 Preparing to unpack .../33-git_1%3a2.47.3-0+deb13u1_amd64.deb ...
#7 36.94 Unpacking git (1:2.47.3-0+deb13u1) ...
#7 37.44 Selecting previously unselected package libdrm-common.
#7 37.44 Preparing to unpack .../34-libdrm-common_2.4.124-2_all.deb ...
#7 37.46 Unpacking libdrm-common (2.4.124-2) ...
#7 37.52 Selecting previously unselected package libdrm2:amd64.
#7 37.52 Preparing to unpack .../35-libdrm2_2.4.124-2_amd64.deb ...
#7 37.53 Unpacking libdrm2:amd64 (2.4.124-2) ...
#7 37.59 Selecting previously unselected package libdrm-amdgpu1:amd64.
#7 37.60 Preparing to unpack .../36-libdrm-amdgpu1_2.4.124-2_amd64.deb ...
#7 37.60 Unpacking libdrm-amdgpu1:amd64 (2.4.124-2) ...
#7 37.68 Selecting previously unselected package libpciaccess0:amd64.
#7 37.68 Preparing to unpack .../37-libpciaccess0_0.17-3+b3_amd64.deb ...
#7 37.69 Unpacking libpciaccess0:amd64 (0.17-3+b3) ...
#7 37.78 Selecting previously unselected package libdrm-intel1:amd64.
#7 37.78 Preparing to unpack .../38-libdrm-intel1_2.4.124-2_amd64.deb ...
#7 37.79 Unpacking libdrm-intel1:amd64 (2.4.124-2) ...
#7 37.86 Selecting previously unselected package libedit2:amd64.
#7 37.86 Preparing to unpack .../39-libedit2_3.1-20250104-1_amd64.deb ...
#7 37.87 Unpacking libedit2:amd64 (3.1-20250104-1) ...
#7 37.95 Selecting previously unselected package libwayland-server0:amd64.
#7 37.95 Preparing to unpack .../40-libwayland-server0_1.23.1-3_amd64.deb ...
#7 37.96 Unpacking libwayland-server0:amd64 (1.23.1-3) ...
#7 38.03 Selecting previously unselected package libelf1t64:amd64.
#7 38.03 Preparing to unpack .../41-libelf1t64_0.192-4_amd64.deb ...
#7 38.04 Unpacking libelf1t64:amd64 (0.192-4) ...
#7 38.11 Selecting previously unselected package libxml2:amd64.
#7 38.11 Preparing to unpack .../42-libxml2_2.12.7+dfsg+really2.9.14-2.1+deb13u3_amd64.deb ...
#7 38.12 Unpacking libxml2:amd64 (2.12.7+dfsg+really2.9.14-2.1+deb13u3) ...
#7 38.21 Selecting previously unselected package libz3-4:amd64.
#7 38.21 Preparing to unpack .../43-libz3-4_4.13.3-1_amd64.deb ...
#7 38.22 Unpacking libz3-4:amd64 (4.13.3-1) ...
#7 38.66 Selecting previously unselected package libllvm19:amd64.
#7 38.66 Preparing to unpack .../44-libllvm19_1%3a19.1.7-3+b1_amd64.deb ...
#7 38.67 Unpacking libllvm19:amd64 (1:19.1.7-3+b1) ...
#7 39.42 Selecting previously unselected package libsensors-config.
#7 39.42 Preparing to unpack .../45-libsensors-config_1%3a3.6.2-2_all.deb ...
#7 39.43 Unpacking libsensors-config (1:3.6.2-2) ...
#7 39.50 Selecting previously unselected package libsensors5:amd64.
#7 39.50 Preparing to unpack .../46-libsensors5_1%3a3.6.2-2_amd64.deb ...
#7 39.52 Unpacking libsensors5:amd64 (1:3.6.2-2) ...
#7 39.59 Selecting previously unselected package libxau6:amd64.
#7 39.59 Preparing to unpack .../47-libxau6_1%3a1.0.11-1_amd64.deb ...
#7 39.60 Unpacking libxau6:amd64 (1:1.0.11-1) ...
#7 39.69 Selecting previously unselected package libxdmcp6:amd64.
#7 39.69 Preparing to unpack .../48-libxdmcp6_1%3a1.1.5-1_amd64.deb ...
#7 39.70 Unpacking libxdmcp6:amd64 (1:1.1.5-1) ...
#7 39.77 Selecting previously unselected package libxcb1:amd64.
#7 39.78 Preparing to unpack .../49-libxcb1_1.17.0-2+b1_amd64.deb ...
#7 39.79 Unpacking libxcb1:amd64 (1.17.0-2+b1) ...
#7 39.84 Selecting previously unselected package libx11-data.
#7 39.85 Preparing to unpack .../50-libx11-data_2%3a1.8.12-1_all.deb ...
#7 39.86 Unpacking libx11-data (2:1.8.12-1) ...
#7 40.02 Selecting previously unselected package libx11-6:amd64.
#7 40.03 Preparing to unpack .../51-libx11-6_2%3a1.8.12-1_amd64.deb ...
#7 40.03 Unpacking libx11-6:amd64 (2:1.8.12-1) ...
#7 40.14 Selecting previously unselected package libx11-xcb1:amd64.
#7 40.14 Preparing to unpack .../52-libx11-xcb1_2%3a1.8.12-1_amd64.deb ...
#7 40.16 Unpacking libx11-xcb1:amd64 (2:1.8.12-1) ...
#7 40.24 Selecting previously unselected package libxcb-dri3-0:amd64.
#7 40.24 Preparing to unpack .../53-libxcb-dri3-0_1.17.0-2+b1_amd64.deb ...
#7 40.25 Unpacking libxcb-dri3-0:amd64 (1.17.0-2+b1) ...
#7 40.32 Selecting previously unselected package libxcb-present0:amd64.
#7 40.32 Preparing to unpack .../54-libxcb-present0_1.17.0-2+b1_amd64.deb ...
#7 40.33 Unpacking libxcb-present0:amd64 (1.17.0-2+b1) ...
#7 40.39 Selecting previously unselected package libxcb-randr0:amd64.
#7 40.39 Preparing to unpack .../55-libxcb-randr0_1.17.0-2+b1_amd64.deb ...
#7 40.40 Unpacking libxcb-randr0:amd64 (1.17.0-2+b1) ...
#7 40.46 Selecting previously unselected package libxcb-sync1:amd64.
#7 40.46 Preparing to unpack .../56-libxcb-sync1_1.17.0-2+b1_amd64.deb ...
#7 40.47 Unpacking libxcb-sync1:amd64 (1.17.0-2+b1) ...
#7 40.55 Selecting previously unselected package libxcb-xfixes0:amd64.
#7 40.55 Preparing to unpack .../57-libxcb-xfixes0_1.17.0-2+b1_amd64.deb ...
#7 40.60 Unpacking libxcb-xfixes0:amd64 (1.17.0-2+b1) ...
#7 40.67 Selecting previously unselected package libxshmfence1:amd64.
#7 40.67 Preparing to unpack .../58-libxshmfence1_1.3.3-1_amd64.deb ...
#7 40.68 Unpacking libxshmfence1:amd64 (1.3.3-1) ...
#7 40.74 Selecting previously unselected package mesa-libgallium:amd64.
#7 40.75 Preparing to unpack .../59-mesa-libgallium_25.0.7-2+deb13u1_amd64.deb ...
#7 40.75 Unpacking mesa-libgallium:amd64 (25.0.7-2+deb13u1) ...
#7 41.39 Selecting previously unselected package libgbm1:amd64.
#7 41.39 Preparing to unpack .../60-libgbm1_25.0.7-2+deb13u1_amd64.deb ...
#7 41.40 Unpacking libgbm1:amd64 (25.0.7-2+deb13u1) ...
#7 41.50 Selecting previously unselected package libwayland-client0:amd64.
#7 41.50 Preparing to unpack .../61-libwayland-client0_1.23.1-3_amd64.deb ...
#7 41.52 Unpacking libwayland-client0:amd64 (1.23.1-3) ...
#7 41.59 Selecting previously unselected package libxcb-shm0:amd64.
#7 41.60 Preparing to unpack .../62-libxcb-shm0_1.17.0-2+b1_amd64.deb ...
#7 41.60 Unpacking libxcb-shm0:amd64 (1.17.0-2+b1) ...
#7 41.68 Selecting previously unselected package libegl-mesa0:amd64.
#7 41.68 Preparing to unpack .../63-libegl-mesa0_25.0.7-2+deb13u1_amd64.deb ...
#7 41.69 Unpacking libegl-mesa0:amd64 (25.0.7-2+deb13u1) ...
#7 41.80 Selecting previously unselected package libpng16-16t64:amd64.
#7 41.80 Preparing to unpack .../64-libpng16-16t64_1.6.48-1+deb13u5_amd64.deb ...
#7 41.81 Unpacking libpng16-16t64:amd64 (1.6.48-1+deb13u5) ...
#7 41.91 Selecting previously unselected package libfreetype6:amd64.
#7 41.91 Preparing to unpack .../65-libfreetype6_2.13.3+dfsg-1+deb13u1_amd64.deb ...
#7 41.92 Unpacking libfreetype6:amd64 (2.13.3+dfsg-1+deb13u1) ...
#7 42.02 Selecting previously unselected package libfontconfig1:amd64.
#7 42.02 Preparing to unpack .../66-libfontconfig1_2.15.0-2.3_amd64.deb ...
#7 42.03 Unpacking libfontconfig1:amd64 (2.15.0-2.3) ...
#7 42.12 Selecting previously unselected package libglvnd0:amd64.
#7 42.12 Preparing to unpack .../67-libglvnd0_1.7.0-1+b2_amd64.deb ...
#7 42.13 Unpacking libglvnd0:amd64 (1.7.0-1+b2) ...
#7 42.21 Selecting previously unselected package libxcb-glx0:amd64.
#7 42.21 Preparing to unpack .../68-libxcb-glx0_1.17.0-2+b1_amd64.deb ...
#7 42.22 Unpacking libxcb-glx0:amd64 (1.17.0-2+b1) ...
#7 42.30 Selecting previously unselected package libxext6:amd64.
#7 42.30 Preparing to unpack .../69-libxext6_2%3a1.3.4-1+b3_amd64.deb ...
#7 42.31 Unpacking libxext6:amd64 (2:1.3.4-1+b3) ...
#7 42.40 Selecting previously unselected package libxxf86vm1:amd64.
#7 42.41 Preparing to unpack .../70-libxxf86vm1_1%3a1.1.4-1+b4_amd64.deb ...
#7 42.42 Unpacking libxxf86vm1:amd64 (1:1.1.4-1+b4) ...
#7 42.52 Selecting previously unselected package libvulkan1:amd64.
#7 42.52 Preparing to unpack .../71-libvulkan1_1.4.309.0-1_amd64.deb ...
#7 42.53 Unpacking libvulkan1:amd64 (1.4.309.0-1) ...
#7 42.62 Selecting previously unselected package libgl1-mesa-dri:amd64.
#7 42.62 Preparing to unpack .../72-libgl1-mesa-dri_25.0.7-2+deb13u1_amd64.deb ...
#7 42.64 Unpacking libgl1-mesa-dri:amd64 (25.0.7-2+deb13u1) ...
#7 42.72 Selecting previously unselected package libglx-mesa0:amd64.
#7 42.73 Preparing to unpack .../73-libglx-mesa0_25.0.7-2+deb13u1_amd64.deb ...
#7 42.74 Unpacking libglx-mesa0:amd64 (25.0.7-2+deb13u1) ...
#7 42.81 Selecting previously unselected package libglx0:amd64.
#7 42.81 Preparing to unpack .../74-libglx0_1.7.0-1+b2_amd64.deb ...
#7 42.82 Unpacking libglx0:amd64 (1.7.0-1+b2) ...
#7 42.93 Selecting previously unselected package libgl1:amd64.
#7 42.93 Preparing to unpack .../75-libgl1_1.7.0-1+b2_amd64.deb ...
#7 42.95 Unpacking libgl1:amd64 (1.7.0-1+b2) ...
#7 43.05 Selecting previously unselected package libegl1:amd64.
#7 43.05 Preparing to unpack .../76-libegl1_1.7.0-1+b2_amd64.deb ...
#7 43.07 Unpacking libegl1:amd64 (1.7.0-1+b2) ...
#7 43.16 Setting up libexpat1:amd64 (2.8.3-1~deb13u1) ...
#7 43.19 Setting up libwayland-server0:amd64 (1.23.1-3) ...
#7 43.22 Setting up libpciaccess0:amd64 (0.17-3+b3) ...
#7 43.25 Setting up libxau6:amd64 (1:1.0.11-1) ...
#7 43.28 Setting up libxdmcp6:amd64 (1:1.1.5-1) ...
#7 43.33 Setting up libkeyutils1:amd64 (1.6.3-6) ...
#7 43.36 Setting up libxcb1:amd64 (1.17.0-2+b1) ...
#7 43.44 Setting up libxcb-xfixes0:amd64 (1.17.0-2+b1) ...
#7 43.46 Setting up libgdbm-compat4t64:amd64 (1.24-2) ...
#7 43.49 Setting up libglvnd0:amd64 (1.7.0-1+b2) ...
#7 43.52 Setting up libxcb-glx0:amd64 (1.17.0-2+b1) ...
#7 43.54 Setting up libbrotli1:amd64 (1.1.0-2+b7) ...
#7 43.58 Setting up libedit2:amd64 (3.1-20250104-1) ...
#7 43.61 Setting up libsensors-config (1:3.6.2-2) ...
#7 43.65 Setting up libnghttp2-14:amd64 (1.64.0-1.1+deb13u1) ...
#7 43.68 Setting up libxcb-shm0:amd64 (1.17.0-2+b1) ...
#7 43.70 Setting up libcom-err2:amd64 (1.47.2-3+b11) ...
#7 43.73 Setting up libelf1t64:amd64 (0.192-4) ...
#7 43.75 Setting up libkrb5support0:amd64 (1.21.3-5+deb13u1) ...
#7 43.78 Setting up libsasl2-modules-db:amd64 (2.1.28+dfsg1-9) ...
#7 43.81 Setting up libxcb-present0:amd64 (1.17.0-2+b1) ...
#7 43.84 Setting up libz3-4:amd64 (4.13.3-1) ...
#7 43.86 Setting up libx11-data (2:1.8.12-1) ...
#7 43.88 Setting up libxcb-sync1:amd64 (1.17.0-2+b1) ...
#7 43.91 Setting up libp11-kit0:amd64 (0.25.5-3) ...
#7 43.93 Setting up libunistring5:amd64 (1.3-2) ...
#7 43.96 Setting up fonts-dejavu-mono (2.37-8) ...
#7 44.02 Setting up libpng16-16t64:amd64 (1.6.48-1+deb13u5) ...
#7 44.04 Setting up fonts-dejavu-core (2.37-8) ...
#7 44.15 Setting up libsensors5:amd64 (1:3.6.2-2) ...
#7 44.17 Setting up libk5crypto3:amd64 (1.21.3-5+deb13u1) ...
#7 44.20 Setting up libsasl2-2:amd64 (2.1.28+dfsg1-9) ...
#7 44.23 Setting up libvulkan1:amd64 (1.4.309.0-1) ...
#7 44.26 Setting up libnghttp3-9:amd64 (1.8.0-1) ...
#7 44.30 Setting up perl-modules-5.40 (5.40.1-6) ...
#7 44.32 Setting up libxshmfence1:amd64 (1.3.3-1) ...
#7 44.35 Setting up libxcb-randr0:amd64 (1.17.0-2+b1) ...
#7 44.37 Setting up libtasn1-6:amd64 (4.20.0-2+deb13u1) ...
#7 44.40 Setting up git-man (1:2.47.3-0+deb13u1) ...
#7 44.43 Setting up libx11-6:amd64 (2:1.8.12-1) ...
#7 44.45 Setting up libngtcp2-16:amd64 (1.11.0-1+deb13u1) ...
#7 44.47 Setting up libkrb5-3:amd64 (1.21.3-5+deb13u1) ...
#7 44.50 Setting up libssh2-1t64:amd64 (1.11.1-1+deb13u1) ...
#7 44.54 Setting up libdrm-common (2.4.124-2) ...
#7 44.57 Setting up libxml2:amd64 (2.12.7+dfsg+really2.9.14-2.1+deb13u3) ...
#7 44.62 Setting up libldap2:amd64 (2.6.10+dfsg-1) ...
#7 44.64 Setting up libwayland-client0:amd64 (1.23.1-3) ...
#7 44.67 Setting up libxcb-dri3-0:amd64 (1.17.0-2+b1) ...
#7 44.70 Setting up libllvm19:amd64 (1:19.1.7-3+b1) ...
#7 44.73 Setting up libx11-xcb1:amd64 (2:1.8.12-1) ...
#7 44.76 Setting up fontconfig-config (2.15.0-2.3) ...
#7 44.92 debconf: unable to initialize frontend: Dialog
#7 44.92 debconf: (TERM is not set, so the dialog frontend is not usable.)
#7 44.92 debconf: falling back to frontend: Readline
#7 44.93 debconf: unable to initialize frontend: Readline
#7 44.93 debconf: (This frontend requires a controlling tty.)
#7 44.93 debconf: falling back to frontend: Teletype
#7 44.94 debconf: unable to initialize frontend: Teletype
#7 44.94 debconf: (This frontend requires a controlling tty.)
#7 44.95 debconf: falling back to frontend: Noninteractive
#7 45.06 Setting up libxext6:amd64 (2:1.3.4-1+b3) ...
#7 45.09 Setting up libidn2-0:amd64 (2.3.8-2) ...
#7 45.11 Setting up libxxf86vm1:amd64 (1:1.1.4-1+b4) ...
#7 45.14 Setting up libperl5.40:amd64 (5.40.1-6) ...
#7 45.17 Setting up perl (5.40.1-6) ...
#7 45.22 Setting up libfreetype6:amd64 (2.13.3+dfsg-1+deb13u1) ...
#7 45.25 Setting up libgssapi-krb5-2:amd64 (1.21.3-5+deb13u1) ...
#7 45.30 Setting up libdrm2:amd64 (2.4.124-2) ...
#7 45.32 Setting up libfontconfig1:amd64 (2.15.0-2.3) ...
#7 45.34 Setting up libdrm-amdgpu1:amd64 (2.4.124-2) ...
#7 45.37 Setting up libgnutls30t64:amd64 (3.8.9-3+deb13u4) ...
#7 45.39 Setting up libdrm-intel1:amd64 (2.4.124-2) ...
#7 45.41 Setting up libpsl5t64:amd64 (0.21.2-1.1+b1) ...
#7 45.44 Setting up liberror-perl (0.17030-1) ...
#7 45.46 Setting up librtmp1:amd64 (2.4+20151223.gitfa8646d.1-2+b5) ...
#7 45.48 Setting up libngtcp2-crypto-gnutls8:amd64 (1.11.0-1+deb13u1) ...
#7 45.50 Setting up mesa-libgallium:amd64 (25.0.7-2+deb13u1) ...
#7 45.53 Setting up libgbm1:amd64 (25.0.7-2+deb13u1) ...
#7 45.56 Setting up libgl1-mesa-dri:amd64 (25.0.7-2+deb13u1) ...
#7 45.59 Setting up libcurl3t64-gnutls:amd64 (8.14.1-2+deb13u4) ...
#7 45.61 Setting up libegl-mesa0:amd64 (25.0.7-2+deb13u1) ...
#7 45.63 Setting up git (1:2.47.3-0+deb13u1) ...
#7 45.73 Setting up libegl1:amd64 (1.7.0-1+b2) ...
#7 45.77 Setting up libglx-mesa0:amd64 (25.0.7-2+deb13u1) ...
#7 45.80 Setting up libglx0:amd64 (1.7.0-1+b2) ...
#7 45.83 Setting up libgl1:amd64 (1.7.0-1+b2) ...
#7 45.85 Processing triggers for libc-bin (2.41-12+deb13u3) ...
#7 DONE 51.9s

#8 [ 4/11] RUN git init /opt/pinevex && cd /opt/pinevex && git remote add origin https://github.com/whutdev/pinevex-renderer.git     && git fetch --depth 1 origin "db292aca2b319c7204f494175c59ed9bd9552930" && git checkout --detach FETCH_HEAD     && test "$(git rev-parse HEAD)" = "db292aca2b319c7204f494175c59ed9bd9552930"
#8 0.399 hint: Using 'master' as the name for the initial branch. This default branch name
#8 0.399 hint: is subject to change. To configure the initial branch name to use in all
#8 0.399 hint: of your new repositories, which will suppress this warning, call:
#8 0.399 hint:
#8 0.399 hint: 	git config --global init.defaultBranch <name>
#8 0.399 hint:
#8 0.399 hint: Names commonly chosen instead of 'master' are 'main', 'trunk' and
#8 0.399 hint: 'development'. The just-created branch can be renamed via this command:
#8 0.399 hint:
#8 0.399 hint: 	git branch -m <name>
#8 0.401 Initialized empty Git repository in /opt/pinevex/.git/
#8 5.177 From https://github.com/whutdev/pinevex-renderer
#8 5.177  * branch            db292aca2b319c7204f494175c59ed9bd9552930 -> FETCH_HEAD
#8 5.437 HEAD is now at db292ac Bundle Twemoji font for Unicode emoji rendering
#8 DONE 6.0s

#9 [ 5/11] WORKDIR /app
#9 DONE 0.1s

#10 [ 6/11] COPY requirements.lock /app/requirements.lock
#10 DONE 0.2s

#11 [ 7/11] RUN python -m pip install --no-cache-dir --require-hashes --only-binary=:all: -r /app/requirements.lock
#11 4.376 Collecting annotated_doc==0.0.5 (from -r /app/requirements.lock (line 1))
#11 4.494   Downloading annotated_doc-0.0.5-py3-none-any.whl (5.3 kB)
#11 4.545 Collecting annotated_types==0.8.0 (from -r /app/requirements.lock (line 2))
#11 4.562   Downloading annotated_types-0.8.0-py3-none-any.whl (13 kB)
#11 4.635 Collecting anyio==4.15.1 (from -r /app/requirements.lock (line 3))
#11 4.661   Downloading anyio-4.15.1-py3-none-any.whl (132 kB)
#11 4.711      ━━━━━━━━━━━━━━━━━━━━━━━━━━━━━━━━━━━━━━━ 132.1/132.1 kB 3.2 MB/s eta 0:00:00
#11 4.769 Collecting certifi==2026.7.22 (from -r /app/requirements.lock (line 4))
#11 4.788   Downloading certifi-2026.7.22-py3-none-any.whl (136 kB)
#11 4.827      ━━━━━━━━━━━━━━━━━━━━━━━━━━━━━━━━━━━━━━━ 137.0/137.0 kB 4.0 MB/s eta 0:00:00
#11 5.211 Collecting charset_normalizer==3.5.1 (from -r /app/requirements.lock (line 5))
#11 5.230   Downloading charset_normalizer-3.5.1-cp311-cp311-manylinux2014_x86_64.manylinux_2_17_x86_64.manylinux_2_28_x86_64.whl (262 kB)
#11 5.303      ━━━━━━━━━━━━━━━━━━━━━━━━━━━━━━━━━━━━━━━ 262.3/262.3 kB 3.6 MB/s eta 0:00:00
#11 5.370 Collecting click==8.5.0 (from -r /app/requirements.lock (line 6))
#11 5.400   Downloading click-8.5.0-py3-none-any.whl (125 kB)
#11 5.427      ━━━━━━━━━━━━━━━━━━━━━━━━━━━━━━━━━━━━━━━ 125.3/125.3 kB 4.9 MB/s eta 0:00:00
#11 5.576 Collecting fastapi==0.141.1 (from -r /app/requirements.lock (line 7))
#11 5.595   Downloading fastapi-0.141.1-py3-none-any.whl (131 kB)
#11 5.632      ━━━━━━━━━━━━━━━━━━━━━━━━━━━━━━━━━━━━━━━ 132.0/132.0 kB 4.1 MB/s eta 0:00:00
#11 5.675 Collecting h11==0.16.0 (from -r /app/requirements.lock (line 8))
#11 5.697   Downloading h11-0.16.0-py3-none-any.whl (37 kB)
#11 5.787 Collecting httptools==0.8.0 (from -r /app/requirements.lock (line 9))
#11 5.816   Downloading httptools-0.8.0-cp311-cp311-manylinux1_x86_64.manylinux_2_28_x86_64.manylinux_2_5_x86_64.whl (464 kB)
#11 5.944      ━━━━━━━━━━━━━━━━━━━━━━━━━━━━━━━━━━━━━━━ 464.7/464.7 kB 3.7 MB/s eta 0:00:00
#11 6.074 Collecting idna==3.19 (from -r /app/requirements.lock (line 10))
#11 6.092   Downloading idna-3.19-py3-none-any.whl (68 kB)
#11 6.112      ━━━━━━━━━━━━━━━━━━━━━━━━━━━━━━━━━━━━━━━━ 68.5/68.5 kB 3.8 MB/s eta 0:00:00
#11 6.217 Collecting json_repair==0.63.4 (from -r /app/requirements.lock (line 11))
#11 6.233   Downloading json_repair-0.63.4-py3-none-any.whl (51 kB)
#11 6.248      ━━━━━━━━━━━━━━━━━━━━━━━━━━━━━━━━━━━━━━━━ 51.3/51.3 kB 3.6 MB/s eta 0:00:00
#11 6.866 Collecting numpy==2.4.6 (from -r /app/requirements.lock (line 12))
#11 6.882   Downloading numpy-2.4.6-cp311-cp311-manylinux_2_27_x86_64.manylinux_2_28_x86_64.whl (16.9 MB)
#11 11.83      ━━━━━━━━━━━━━━━━━━━━━━━━━━━━━━━━━━━━━━━━ 16.9/16.9 MB 3.4 MB/s eta 0:00:00
#11 11.89 Requirement already satisfied: packaging==26.3 in /usr/local/lib/python3.11/site-packages (from -r /app/requirements.lock (line 13)) (26.3)
#11 12.46 Collecting pillow==12.3.0 (from -r /app/requirements.lock (line 14))
#11 12.48   Downloading pillow-12.3.0-cp311-cp311-manylinux_2_27_x86_64.manylinux_2_28_x86_64.whl (6.9 MB)
#11 14.51      ━━━━━━━━━━━━━━━━━━━━━━━━━━━━━━━━━━━━━━━━ 6.9/6.9 MB 3.4 MB/s eta 0:00:00
#11 14.79 Collecting pybind11==3.1.0 (from -r /app/requirements.lock (line 15))
#11 14.81   Downloading pybind11-3.1.0-py3-none-any.whl (319 kB)
#11 14.90      ━━━━━━━━━━━━━━━━━━━━━━━━━━━━━━━━━━━━━━━ 319.4/319.4 kB 3.7 MB/s eta 0:00:00
#11 15.25 Collecting pydantic==2.13.5 (from -r /app/requirements.lock (line 16))
#11 15.26   Downloading pydantic-2.13.5-py3-none-any.whl (472 kB)
#11 15.40      ━━━━━━━━━━━━━━━━━━━━━━━━━━━━━━━━━━━━━━━ 472.6/472.6 kB 4.0 MB/s eta 0:00:00
#11 17.14 Collecting pydantic_core==2.46.5 (from -r /app/requirements.lock (line 17))
#11 17.16   Downloading pydantic_core-2.46.5-cp311-cp311-manylinux_2_17_x86_64.manylinux2014_x86_64.whl (2.1 MB)
#11 17.75      ━━━━━━━━━━━━━━━━━━━━━━━━━━━━━━━━━━━━━━━━ 2.1/2.1 MB 3.5 MB/s eta 0:00:00
#11 17.80 Collecting python_dotenv==1.2.3 (from -r /app/requirements.lock (line 18))
#11 17.82   Downloading python_dotenv-1.2.3-py3-none-any.whl (22 kB)
#11 17.86 Collecting python_multipart==0.0.32 (from -r /app/requirements.lock (line 19))
#11 17.89   Downloading python_multipart-0.0.32-py3-none-any.whl (30 kB)
#11 17.98 Collecting pyyaml==6.0.3 (from -r /app/requirements.lock (line 20))
#11 18.01   Downloading pyyaml-6.0.3-cp311-cp311-manylinux2014_x86_64.manylinux_2_17_x86_64.manylinux_2_28_x86_64.whl (806 kB)
#11 18.24      ━━━━━━━━━━━━━━━━━━━━━━━━━━━━━━━━━━━━━━━ 806.6/806.6 kB 3.6 MB/s eta 0:00:00
#11 18.36 Collecting requests==2.34.2 (from -r /app/requirements.lock (line 21))
#11 18.38   Downloading requests-2.34.2-py3-none-any.whl (73 kB)
#11 18.40      ━━━━━━━━━━━━━━━━━━━━━━━━━━━━━━━━━━━━━━━━ 73.1/73.1 kB 4.5 MB/s eta 0:00:00
#11 18.73 Collecting skia_python==144.0.post2 (from -r /app/requirements.lock (line 22))
#11 18.75   Downloading skia_python-144.0.post2-cp311-cp311-manylinux_2_28_x86_64.whl (14.4 MB)
#11 22.91      ━━━━━━━━━━━━━━━━━━━━━━━━━━━━━━━━━━━━━━━━ 14.4/14.4 MB 3.5 MB/s eta 0:00:00
#11 23.01 Collecting starlette==1.6.0 (from -r /app/requirements.lock (line 23))
#11 23.03   Downloading starlette-1.6.0-py3-none-any.whl (75 kB)
#11 23.05      ━━━━━━━━━━━━━━━━━━━━━━━━━━━━━━━━━━━━━━━━ 76.0/76.0 kB 5.0 MB/s eta 0:00:00
#11 23.09 Collecting typing_extensions==4.16.0 (from -r /app/requirements.lock (line 24))
#11 23.12   Downloading typing_extensions-4.16.0-py3-none-any.whl (45 kB)
#11 23.12      ━━━━━━━━━━━━━━━━━━━━━━━━━━━━━━━━━━━━━━━ 45.6/45.6 kB 142.7 MB/s eta 0:00:00
#11 23.15 Collecting typing_inspection==0.4.4 (from -r /app/requirements.lock (line 25))
#11 23.17   Downloading typing_inspection-0.4.4-py3-none-any.whl (14 kB)
#11 23.23 Collecting urllib3==2.7.0 (from -r /app/requirements.lock (line 26))
#11 23.24   Downloading urllib3-2.7.0-py3-none-any.whl (131 kB)
#11 23.28      ━━━━━━━━━━━━━━━━━━━━━━━━━━━━━━━━━━━━━━━ 131.1/131.1 kB 3.7 MB/s eta 0:00:00
#11 23.35 Collecting uvicorn==0.52.4 (from -r /app/requirements.lock (line 27))
#11 23.38   Downloading uvicorn-0.52.4-py3-none-any.whl (79 kB)
#11 23.39      ━━━━━━━━━━━━━━━━━━━━━━━━━━━━━━━━━━━━━━━━ 79.9/79.9 kB 4.9 MB/s eta 0:00:00
#11 23.48 Collecting uvloop==0.22.1 (from -r /app/requirements.lock (line 28))
#11 23.51   Downloading uvloop-0.22.1-cp311-cp311-manylinux2014_x86_64.manylinux_2_17_x86_64.manylinux_2_28_x86_64.whl (3.8 MB)
#11 24.60      ━━━━━━━━━━━━━━━━━━━━━━━━━━━━━━━━━━━━━━━━ 3.8/3.8 MB 3.5 MB/s eta 0:00:00
#11 24.79 Collecting watchfiles==1.2.0 (from -r /app/requirements.lock (line 29))
#11 24.81   Downloading watchfiles-1.2.0-cp311-cp311-manylinux_2_17_x86_64.manylinux2014_x86_64.whl (456 kB)
#11 24.94      ━━━━━━━━━━━━━━━━━━━━━━━━━━━━━━━━━━━━━━━ 456.9/456.9 kB 3.5 MB/s eta 0:00:00
#11 25.20 Collecting websockets==17.1 (from -r /app/requirements.lock (line 30))
#11 25.21   Downloading websockets-17.1-cp311-cp311-manylinux1_x86_64.manylinux_2_28_x86_64.manylinux_2_5_x86_64.whl (224 kB)
#11 25.28      ━━━━━━━━━━━━━━━━━━━━━━━━━━━━━━━━━━━━━━━ 224.3/224.3 kB 3.6 MB/s eta 0:00:00
#11 25.44 Collecting zstandard==0.25.0 (from -r /app/requirements.lock (line 31))
#11 25.45   Downloading zstandard-0.25.0-cp311-cp311-manylinux2014_x86_64.manylinux_2_17_x86_64.whl (5.6 MB)
#11 27.07      ━━━━━━━━━━━━━━━━━━━━━━━━━━━━━━━━━━━━━━━━ 5.6/5.6 MB 3.4 MB/s eta 0:00:00
#11 27.93 Installing collected packages: zstandard, websockets, uvloop, urllib3, typing_extensions, pyyaml, python_multipart, python_dotenv, pybind11, pillow, numpy, json_repair, idna, httptools, h11, click, charset_normalizer, certifi, annotated_types, annotated_doc, uvicorn, typing_inspection, skia_python, requests, pydantic_core, anyio, watchfiles, starlette, pydantic, fastapi
#11 35.57 Successfully installed annotated_doc-0.0.5 annotated_types-0.8.0 anyio-4.15.1 certifi-2026.7.22 charset_normalizer-3.5.1 click-8.5.0 fastapi-0.141.1 h11-0.16.0 httptools-0.8.0 idna-3.19 json_repair-0.63.4 numpy-2.4.6 pillow-12.3.0 pybind11-3.1.0 pydantic-2.13.5 pydantic_core-2.46.5 python_dotenv-1.2.3 python_multipart-0.0.32 pyyaml-6.0.3 requests-2.34.2 skia_python-144.0.post2 starlette-1.6.0 typing_extensions-4.16.0 typing_inspection-0.4.4 urllib3-2.7.0 uvicorn-0.52.4 uvloop-0.22.1 watchfiles-1.2.0 websockets-17.1 zstandard-0.25.0
#11 35.57 WARNING: Running pip as the 'root' user can result in broken permissions and conflicting behaviour with the system package manager. It is recommended to use a virtual environment instead: https://pip.pypa.io/warnings/venv
#11 35.78 
#11 35.78 [notice] A new release of pip is available: 24.0 -> 26.2.1
#11 35.78 [notice] To update, run: pip install --upgrade pip
#11 DONE 41.1s

#12 [ 8/11] COPY patch_grid.py /app/patch_grid.py
#12 DONE 1.9s

#13 [ 9/11] RUN python /app/patch_grid.py /opt/pinevex/src/ui_engine/renderer.py
#13 DONE 3.7s

#14 [10/11] COPY render_core.py server.py /app/
#14 DONE 1.9s

#15 [11/11] RUN useradd --uid 10001 --create-home renderer
#15 DONE 4.8s

#16 exporting to image
#16 exporting layers
#16 exporting layers 13.0s done
#16 writing image sha256:b26f36fd82a7aef66bb2d11df1e50455683581a88a355c3732a71f233380dafc 0.0s done
#16 naming to docker.io/library/nexusrbx-ui-renderer:release-pinned 0.0s done
#16 DONE 13.2s
