[     684ms] [INFO] %cDownload the React DevTools for a better development experience: https://reactjs.org/link/react-devtools font-weight:bold @ http://localhost:3000/static/js/bundle.js:83804
[     887ms] [WARNING] ⚠️ React Router Future Flag Warning: React Router will begin wrapping state updates in `React.startTransition` in v7. You can use the `v7_startTransition` future flag to opt-in early. For more information, see https://reactrouter.com/v6/upgrading/future#v7_starttransition. @ http://localhost:3000/static/js/bundle.js:88236
[     887ms] [WARNING] ⚠️ React Router Future Flag Warning: Relative route resolution within Splat routes is changing in v7. You can use the `v7_relativeSplatPath` future flag to opt-in early. For more information, see https://reactrouter.com/v6/upgrading/future#v7_relativesplatpath. @ http://localhost:3000/static/js/bundle.js:88236
[    1412ms] [ERROR] Access to fetch at 'https://api.nexusrbx.com/api/models' from origin 'http://localhost:3000' has been blocked by CORS policy: No 'Access-Control-Allow-Origin' header is present on the requested resource. @ http://localhost:3000/ai:0
[    1412ms] [ERROR] Failed to load resource: net::ERR_FAILED @ https://api.nexusrbx.com/api/models:0
[    1635ms] [ERROR] Access to fetch at 'https://api.nexusrbx.com/api/user/settings' from origin 'http://localhost:3000' has been blocked by CORS policy: Response to preflight request doesn't pass access control check: No 'Access-Control-Allow-Origin' header is present on the requested resource. @ http://localhost:3000/ai:0
[    1636ms] [ERROR] Failed to load resource: net::ERR_FAILED @ https://api.nexusrbx.com/api/user/settings:0
[    1678ms] [ERROR] Access to fetch at 'https://api.nexusrbx.com/api/billing/entitlements' from origin 'http://localhost:3000' has been blocked by CORS policy: Response to preflight request doesn't pass access control check: No 'Access-Control-Allow-Origin' header is present on the requested resource. @ http://localhost:3000/ai:0
[    1678ms] [ERROR] Failed to load resource: net::ERR_FAILED @ https://api.nexusrbx.com/api/billing/entitlements:0
[    1679ms] [ERROR] Access to fetch at 'https://api.nexusrbx.com/api/project-bindings/proj_55082b60b0a14eddb80c3e246e0c5306?t=1787837292470' from origin 'http://localhost:3000' has been blocked by CORS policy: Response to preflight request doesn't pass access control check: No 'Access-Control-Allow-Origin' header is present on the requested resource. @ http://localhost:3000/ai:0
[    1679ms] [ERROR] Failed to load resource: net::ERR_FAILED @ https://api.nexusrbx.com/api/project-bindings/proj_55082b60b0a14eddb80c3e246e0c5306?t=1787837292470:0
[    2219ms] [ERROR] Access to fetch at 'https://api.nexusrbx.com/api/project-bindings?limit=100&t=1787837293006' from origin 'http://localhost:3000' has been blocked by CORS policy: Response to preflight request doesn't pass access control check: No 'Access-Control-Allow-Origin' header is present on the requested resource. @ http://localhost:3000/ai:0
[    2220ms] [ERROR] Failed to load resource: net::ERR_FAILED @ https://api.nexusrbx.com/api/project-bindings?limit=100&t=1787837293006:0
[    2220ms] [ERROR] Access to fetch at 'https://api.nexusrbx.com/api/roblox/oauth/status?t=1787837293006' from origin 'http://localhost:3000' has been blocked by CORS policy: Response to preflight request doesn't pass access control check: No 'Access-Control-Allow-Origin' header is present on the requested resource. @ http://localhost:3000/ai:0
[    2220ms] [ERROR] Failed to load resource: net::ERR_FAILED @ https://api.nexusrbx.com/api/roblox/oauth/status?t=1787837293006:0
[    2230ms] [ERROR] Access to fetch at 'https://api.nexusrbx.com/api/user/teams?t=1787837293007' from origin 'http://localhost:3000' has been blocked by CORS policy: Response to preflight request doesn't pass access control check: No 'Access-Control-Allow-Origin' header is present on the requested resource. @ http://localhost:3000/ai:0
[    2230ms] [ERROR] Failed to load resource: net::ERR_FAILED @ https://api.nexusrbx.com/api/user/teams?t=1787837293007:0
[    2417ms] [ERROR] Access to fetch at 'https://api.nexusrbx.com/api/project-bindings/proj_55082b60b0a14eddb80c3e246e0c5306?t=1787837293201' from origin 'http://localhost:3000' has been blocked by CORS policy: Response to preflight request doesn't pass access control check: No 'Access-Control-Allow-Origin' header is present on the requested resource. @ http://localhost:3000/ai:0
[    2417ms] [ERROR] Failed to load resource: net::ERR_FAILED @ https://api.nexusrbx.com/api/project-bindings/proj_55082b60b0a14eddb80c3e246e0c5306?t=1787837293201:0
[   12208ms] [ERROR] Access to fetch at 'https://api.nexusrbx.com/api/v2/agents?t=1787837303005' from origin 'http://localhost:3000' has been blocked by CORS policy: Response to preflight request doesn't pass access control check: No 'Access-Control-Allow-Origin' header is present on the requested resource. @ http://localhost:3000/ai:0
[   12208ms] [ERROR] Failed to load resource: net::ERR_FAILED @ https://api.nexusrbx.com/api/v2/agents?t=1787837303005:0
[   14719ms] [ERROR] Access to fetch at 'https://api.nexusrbx.com/api/v2/events?afterSequence=0&t=1787837305519' from origin 'http://localhost:3000' has been blocked by CORS policy: Response to preflight request doesn't pass access control check: No 'Access-Control-Allow-Origin' header is present on the requested resource. @ http://localhost:3000/ai:0
[   14719ms] [ERROR] Failed to load resource: net::ERR_FAILED @ https://api.nexusrbx.com/api/v2/events?afterSequence=0&t=1787837305519:0
