[     192ms] [INFO] %cDownload the React DevTools for a better development experience: https://reactjs.org/link/react-devtools font-weight:bold @ http://localhost:3000/static/js/bundle.js:84932
[     242ms] [WARNING] ⚠️ React Router Future Flag Warning: React Router will begin wrapping state updates in `React.startTransition` in v7. You can use the `v7_startTransition` future flag to opt-in early. For more information, see https://reactrouter.com/v6/upgrading/future#v7_starttransition. @ http://localhost:3000/static/js/bundle.js:89364
[     242ms] [WARNING] ⚠️ React Router Future Flag Warning: Relative route resolution within Splat routes is changing in v7. You can use the `v7_relativeSplatPath` future flag to opt-in early. For more information, see https://reactrouter.com/v6/upgrading/future#v7_relativesplatpath. @ http://localhost:3000/static/js/bundle.js:89364
[     657ms] [ERROR] Access to fetch at 'https://api.nexusrbx.com/api/models' from origin 'http://localhost:3000' has been blocked by CORS policy: No 'Access-Control-Allow-Origin' header is present on the requested resource. @ http://localhost:3000/ai?mode=asset:0
[     657ms] [ERROR] Failed to load resource: net::ERR_FAILED @ https://api.nexusrbx.com/api/models:0
[     832ms] [ERROR] Access to fetch at 'https://api.nexusrbx.com/api/user/settings' from origin 'http://localhost:3000' has been blocked by CORS policy: Response to preflight request doesn't pass access control check: No 'Access-Control-Allow-Origin' header is present on the requested resource. @ http://localhost:3000/ai?mode=asset:0
[     832ms] [ERROR] Failed to load resource: net::ERR_FAILED @ https://api.nexusrbx.com/api/user/settings:0
[     859ms] [ERROR] Access to fetch at 'https://api.nexusrbx.com/api/project-bindings/proj_55082b60b0a14eddb80c3e246e0c5306?t=1788156002193' from origin 'http://localhost:3000' has been blocked by CORS policy: Response to preflight request doesn't pass access control check: No 'Access-Control-Allow-Origin' header is present on the requested resource. @ http://localhost:3000/ai?mode=asset:0
[     859ms] [ERROR] Failed to load resource: net::ERR_FAILED @ https://api.nexusrbx.com/api/project-bindings/proj_55082b60b0a14eddb80c3e246e0c5306?t=1788156002193:0
[     859ms] [ERROR] Access to fetch at 'https://api.nexusrbx.com/api/project-bindings/proj_55082b60b0a14eddb80c3e246e0c5306?t=1788156002195' from origin 'http://localhost:3000' has been blocked by CORS policy: Response to preflight request doesn't pass access control check: No 'Access-Control-Allow-Origin' header is present on the requested resource. @ http://localhost:3000/ai?mode=asset:0
[     859ms] [ERROR] Failed to load resource: net::ERR_FAILED @ https://api.nexusrbx.com/api/project-bindings/proj_55082b60b0a14eddb80c3e246e0c5306?t=1788156002195:0
[     859ms] [ERROR] Access to fetch at 'https://api.nexusrbx.com/api/project-bindings/proj_55082b60b0a14eddb80c3e246e0c5306?t=1788156002207' from origin 'http://localhost:3000' has been blocked by CORS policy: Response to preflight request doesn't pass access control check: No 'Access-Control-Allow-Origin' header is present on the requested resource. @ http://localhost:3000/ai?mode=asset:0
[     859ms] [ERROR] Failed to load resource: net::ERR_FAILED @ https://api.nexusrbx.com/api/project-bindings/proj_55082b60b0a14eddb80c3e246e0c5306?t=1788156002207:0
[     868ms] [ERROR] Access to fetch at 'https://api.nexusrbx.com/api/project-bindings/proj_55082b60b0a14eddb80c3e246e0c5306?t=1788156002209' from origin 'http://localhost:3000' has been blocked by CORS policy: Response to preflight request doesn't pass access control check: No 'Access-Control-Allow-Origin' header is present on the requested resource. @ http://localhost:3000/ai?mode=asset:0
[     868ms] [ERROR] Failed to load resource: net::ERR_FAILED @ https://api.nexusrbx.com/api/project-bindings/proj_55082b60b0a14eddb80c3e246e0c5306?t=1788156002209:0
[     877ms] [ERROR] Access to fetch at 'https://api.nexusrbx.com/api/project-bindings/proj_55082b60b0a14eddb80c3e246e0c5306?t=1788156002219' from origin 'http://localhost:3000' has been blocked by CORS policy: Response to preflight request doesn't pass access control check: No 'Access-Control-Allow-Origin' header is present on the requested resource. @ http://localhost:3000/ai?mode=asset:0
[     877ms] [ERROR] Failed to load resource: net::ERR_FAILED @ https://api.nexusrbx.com/api/project-bindings/proj_55082b60b0a14eddb80c3e246e0c5306?t=1788156002219:0
[     877ms] [ERROR] Access to fetch at 'https://api.nexusrbx.com/api/project-bindings/proj_55082b60b0a14eddb80c3e246e0c5306?t=1788156002221' from origin 'http://localhost:3000' has been blocked by CORS policy: Response to preflight request doesn't pass access control check: No 'Access-Control-Allow-Origin' header is present on the requested resource. @ http://localhost:3000/ai?mode=asset:0
[     877ms] [ERROR] Failed to load resource: net::ERR_FAILED @ https://api.nexusrbx.com/api/project-bindings/proj_55082b60b0a14eddb80c3e246e0c5306?t=1788156002221:0
[     885ms] [ERROR] Access to fetch at 'https://api.nexusrbx.com/api/project-bindings/proj_55082b60b0a14eddb80c3e246e0c5306?t=1788156002231' from origin 'http://localhost:3000' has been blocked by CORS policy: Response to preflight request doesn't pass access control check: No 'Access-Control-Allow-Origin' header is present on the requested resource. @ http://localhost:3000/ai?mode=asset:0
[     885ms] [ERROR] Failed to load resource: net::ERR_FAILED @ https://api.nexusrbx.com/api/project-bindings/proj_55082b60b0a14eddb80c3e246e0c5306?t=1788156002231:0
[     893ms] [ERROR] Access to fetch at 'https://api.nexusrbx.com/api/project-bindings/proj_55082b60b0a14eddb80c3e246e0c5306?t=1788156002229' from origin 'http://localhost:3000' has been blocked by CORS policy: Response to preflight request doesn't pass access control check: No 'Access-Control-Allow-Origin' header is present on the requested resource. @ http://localhost:3000/ai?mode=asset:0
[     893ms] [ERROR] Failed to load resource: net::ERR_FAILED @ https://api.nexusrbx.com/api/project-bindings/proj_55082b60b0a14eddb80c3e246e0c5306?t=1788156002229:0
[     893ms] [ERROR] Access to fetch at 'https://api.nexusrbx.com/api/project-bindings/proj_55082b60b0a14eddb80c3e246e0c5306?t=1788156002242' from origin 'http://localhost:3000' has been blocked by CORS policy: Response to preflight request doesn't pass access control check: No 'Access-Control-Allow-Origin' header is present on the requested resource. @ http://localhost:3000/ai?mode=asset:0
[     893ms] [ERROR] Failed to load resource: net::ERR_FAILED @ https://api.nexusrbx.com/api/project-bindings/proj_55082b60b0a14eddb80c3e246e0c5306?t=1788156002242:0
[     899ms] [ERROR] Access to fetch at 'https://api.nexusrbx.com/api/project-bindings/proj_55082b60b0a14eddb80c3e246e0c5306?t=1788156002243' from origin 'http://localhost:3000' has been blocked by CORS policy: Response to preflight request doesn't pass access control check: No 'Access-Control-Allow-Origin' header is present on the requested resource. @ http://localhost:3000/ai?mode=asset:0
[     900ms] [ERROR] Failed to load resource: net::ERR_FAILED @ https://api.nexusrbx.com/api/project-bindings/proj_55082b60b0a14eddb80c3e246e0c5306?t=1788156002243:0
[     910ms] [ERROR] Access to fetch at 'https://api.nexusrbx.com/api/project-bindings/proj_55082b60b0a14eddb80c3e246e0c5306?t=1788156002255' from origin 'http://localhost:3000' has been blocked by CORS policy: Response to preflight request doesn't pass access control check: No 'Access-Control-Allow-Origin' header is present on the requested resource. @ http://localhost:3000/ai?mode=asset:0
[     910ms] [ERROR] Failed to load resource: net::ERR_FAILED @ https://api.nexusrbx.com/api/project-bindings/proj_55082b60b0a14eddb80c3e246e0c5306?t=1788156002255:0
[     919ms] [ERROR] Access to fetch at 'https://api.nexusrbx.com/api/project-bindings/proj_55082b60b0a14eddb80c3e246e0c5306?t=1788156002256' from origin 'http://localhost:3000' has been blocked by CORS policy: Response to preflight request doesn't pass access control check: No 'Access-Control-Allow-Origin' header is present on the requested resource. @ http://localhost:3000/ai?mode=asset:0
[     919ms] [ERROR] Failed to load resource: net::ERR_FAILED @ https://api.nexusrbx.com/api/project-bindings/proj_55082b60b0a14eddb80c3e246e0c5306?t=1788156002256:0
[     930ms] [ERROR] Access to fetch at 'https://api.nexusrbx.com/api/project-bindings/proj_55082b60b0a14eddb80c3e246e0c5306?t=1788156002269' from origin 'http://localhost:3000' has been blocked by CORS policy: Response to preflight request doesn't pass access control check: No 'Access-Control-Allow-Origin' header is present on the requested resource. @ http://localhost:3000/ai?mode=asset:0
[     930ms] [ERROR] Failed to load resource: net::ERR_FAILED @ https://api.nexusrbx.com/api/project-bindings/proj_55082b60b0a14eddb80c3e246e0c5306?t=1788156002269:0
[     930ms] [ERROR] Access to fetch at 'https://api.nexusrbx.com/api/project-bindings/proj_55082b60b0a14eddb80c3e246e0c5306?t=1788156002267' from origin 'http://localhost:3000' has been blocked by CORS policy: Response to preflight request doesn't pass access control check: No 'Access-Control-Allow-Origin' header is present on the requested resource. @ http://localhost:3000/ai?mode=asset:0
[     930ms] [ERROR] Failed to load resource: net::ERR_FAILED @ https://api.nexusrbx.com/api/project-bindings/proj_55082b60b0a14eddb80c3e246e0c5306?t=1788156002267:0
[     943ms] [ERROR] Access to fetch at 'https://api.nexusrbx.com/api/project-bindings/proj_55082b60b0a14eddb80c3e246e0c5306?t=1788156002280' from origin 'http://localhost:3000' has been blocked by CORS policy: Response to preflight request doesn't pass access control check: No 'Access-Control-Allow-Origin' header is present on the requested resource. @ http://localhost:3000/ai?mode=asset:0
[     943ms] [ERROR] Failed to load resource: net::ERR_FAILED @ https://api.nexusrbx.com/api/project-bindings/proj_55082b60b0a14eddb80c3e246e0c5306?t=1788156002280:0
[     943ms] [ERROR] Access to fetch at 'https://api.nexusrbx.com/api/project-bindings/proj_55082b60b0a14eddb80c3e246e0c5306?t=1788156002282' from origin 'http://localhost:3000' has been blocked by CORS policy: Response to preflight request doesn't pass access control check: No 'Access-Control-Allow-Origin' header is present on the requested resource. @ http://localhost:3000/ai?mode=asset:0
[     943ms] [ERROR] Failed to load resource: net::ERR_FAILED @ https://api.nexusrbx.com/api/project-bindings/proj_55082b60b0a14eddb80c3e246e0c5306?t=1788156002282:0
[     952ms] [ERROR] Access to fetch at 'https://api.nexusrbx.com/api/project-bindings/proj_55082b60b0a14eddb80c3e246e0c5306?t=1788156002293' from origin 'http://localhost:3000' has been blocked by CORS policy: Response to preflight request doesn't pass access control check: No 'Access-Control-Allow-Origin' header is present on the requested resource. @ http://localhost:3000/ai?mode=asset:0
[     952ms] [ERROR] Failed to load resource: net::ERR_FAILED @ https://api.nexusrbx.com/api/project-bindings/proj_55082b60b0a14eddb80c3e246e0c5306?t=1788156002293:0
[     955ms] [ERROR] Access to fetch at 'https://api.nexusrbx.com/api/project-bindings/proj_55082b60b0a14eddb80c3e246e0c5306?t=1788156002294' from origin 'http://localhost:3000' has been blocked by CORS policy: Response to preflight request doesn't pass access control check: No 'Access-Control-Allow-Origin' header is present on the requested resource. @ http://localhost:3000/ai?mode=asset:0
[     955ms] [ERROR] Failed to load resource: net::ERR_FAILED @ https://api.nexusrbx.com/api/project-bindings/proj_55082b60b0a14eddb80c3e246e0c5306?t=1788156002294:0
[     960ms] [ERROR] Access to fetch at 'https://api.nexusrbx.com/api/project-bindings/proj_55082b60b0a14eddb80c3e246e0c5306?t=1788156002306' from origin 'http://localhost:3000' has been blocked by CORS policy: Response to preflight request doesn't pass access control check: No 'Access-Control-Allow-Origin' header is present on the requested resource. @ http://localhost:3000/ai?mode=asset:0
[     960ms] [ERROR] Failed to load resource: net::ERR_FAILED @ https://api.nexusrbx.com/api/project-bindings/proj_55082b60b0a14eddb80c3e246e0c5306?t=1788156002306:0
[     975ms] [ERROR] Access to fetch at 'https://api.nexusrbx.com/api/project-bindings/proj_55082b60b0a14eddb80c3e246e0c5306?t=1788156002304' from origin 'http://localhost:3000' has been blocked by CORS policy: Response to preflight request doesn't pass access control check: No 'Access-Control-Allow-Origin' header is present on the requested resource. @ http://localhost:3000/ai?mode=asset:0
[     975ms] [ERROR] Failed to load resource: net::ERR_FAILED @ https://api.nexusrbx.com/api/project-bindings/proj_55082b60b0a14eddb80c3e246e0c5306?t=1788156002304:0
[     975ms] [ERROR] Access to fetch at 'https://api.nexusrbx.com/api/project-bindings/proj_55082b60b0a14eddb80c3e246e0c5306?t=1788156002317' from origin 'http://localhost:3000' has been blocked by CORS policy: Response to preflight request doesn't pass access control check: No 'Access-Control-Allow-Origin' header is present on the requested resource. @ http://localhost:3000/ai?mode=asset:0
[     976ms] [ERROR] Failed to load resource: net::ERR_FAILED @ https://api.nexusrbx.com/api/project-bindings/proj_55082b60b0a14eddb80c3e246e0c5306?t=1788156002317:0
[     991ms] [ERROR] Access to fetch at 'https://api.nexusrbx.com/api/project-bindings/proj_55082b60b0a14eddb80c3e246e0c5306?t=1788156002316' from origin 'http://localhost:3000' has been blocked by CORS policy: Response to preflight request doesn't pass access control check: No 'Access-Control-Allow-Origin' header is present on the requested resource. @ http://localhost:3000/ai?mode=asset:0
[     991ms] [ERROR] Failed to load resource: net::ERR_FAILED @ https://api.nexusrbx.com/api/project-bindings/proj_55082b60b0a14eddb80c3e246e0c5306?t=1788156002316:0
[     991ms] [ERROR] Access to fetch at 'https://api.nexusrbx.com/api/project-bindings/proj_55082b60b0a14eddb80c3e246e0c5306?t=1788156002325' from origin 'http://localhost:3000' has been blocked by CORS policy: Response to preflight request doesn't pass access control check: No 'Access-Control-Allow-Origin' header is present on the requested resource. @ http://localhost:3000/ai?mode=asset:0
[     991ms] [ERROR] Failed to load resource: net::ERR_FAILED @ https://api.nexusrbx.com/api/project-bindings/proj_55082b60b0a14eddb80c3e246e0c5306?t=1788156002325:0
[     991ms] [ERROR] Access to fetch at 'https://api.nexusrbx.com/api/project-bindings/proj_55082b60b0a14eddb80c3e246e0c5306?t=1788156002326' from origin 'http://localhost:3000' has been blocked by CORS policy: Response to preflight request doesn't pass access control check: No 'Access-Control-Allow-Origin' header is present on the requested resource. @ http://localhost:3000/ai?mode=asset:0
[     991ms] [ERROR] Failed to load resource: net::ERR_FAILED @ https://api.nexusrbx.com/api/project-bindings/proj_55082b60b0a14eddb80c3e246e0c5306?t=1788156002326:0
[    1017ms] [ERROR] Access to fetch at 'https://api.nexusrbx.com/api/project-bindings/proj_55082b60b0a14eddb80c3e246e0c5306?t=1788156002338' from origin 'http://localhost:3000' has been blocked by CORS policy: Response to preflight request doesn't pass access control check: No 'Access-Control-Allow-Origin' header is present on the requested resource. @ http://localhost:3000/ai?mode=asset:0
[    1017ms] [ERROR] Failed to load resource: net::ERR_FAILED @ https://api.nexusrbx.com/api/project-bindings/proj_55082b60b0a14eddb80c3e246e0c5306?t=1788156002338:0
[    1017ms] [ERROR] Access to fetch at 'https://api.nexusrbx.com/api/project-bindings/proj_55082b60b0a14eddb80c3e246e0c5306?t=1788156002339' from origin 'http://localhost:3000' has been blocked by CORS policy: Response to preflight request doesn't pass access control check: No 'Access-Control-Allow-Origin' header is present on the requested resource. @ http://localhost:3000/ai?mode=asset:0
[    1017ms] [ERROR] Failed to load resource: net::ERR_FAILED @ https://api.nexusrbx.com/api/project-bindings/proj_55082b60b0a14eddb80c3e246e0c5306?t=1788156002339:0
[    1017ms] [ERROR] Access to fetch at 'https://api.nexusrbx.com/api/project-bindings/proj_55082b60b0a14eddb80c3e246e0c5306?t=1788156002352' from origin 'http://localhost:3000' has been blocked by CORS policy: Response to preflight request doesn't pass access control check: No 'Access-Control-Allow-Origin' header is present on the requested resource. @ http://localhost:3000/ai?mode=asset:0
[    1018ms] [ERROR] Failed to load resource: net::ERR_FAILED @ https://api.nexusrbx.com/api/project-bindings/proj_55082b60b0a14eddb80c3e246e0c5306?t=1788156002352:0
[    1018ms] [ERROR] Access to fetch at 'https://api.nexusrbx.com/api/project-bindings/proj_55082b60b0a14eddb80c3e246e0c5306?t=1788156002354' from origin 'http://localhost:3000' has been blocked by CORS policy: Response to preflight request doesn't pass access control check: No 'Access-Control-Allow-Origin' header is present on the requested resource. @ http://localhost:3000/ai?mode=asset:0
[    1018ms] [ERROR] Failed to load resource: net::ERR_FAILED @ https://api.nexusrbx.com/api/project-bindings/proj_55082b60b0a14eddb80c3e246e0c5306?t=1788156002354:0
[    1030ms] [ERROR] Access to fetch at 'https://api.nexusrbx.com/api/project-bindings/proj_55082b60b0a14eddb80c3e246e0c5306?t=1788156002366' from origin 'http://localhost:3000' has been blocked by CORS policy: Response to preflight request doesn't pass access control check: No 'Access-Control-Allow-Origin' header is present on the requested resource. @ http://localhost:3000/ai?mode=asset:0
[    1031ms] [ERROR] Failed to load resource: net::ERR_FAILED @ https://api.nexusrbx.com/api/project-bindings/proj_55082b60b0a14eddb80c3e246e0c5306?t=1788156002366:0
[    1031ms] [ERROR] Access to fetch at 'https://api.nexusrbx.com/api/project-bindings/proj_55082b60b0a14eddb80c3e246e0c5306?t=1788156002364' from origin 'http://localhost:3000' has been blocked by CORS policy: Response to preflight request doesn't pass access control check: No 'Access-Control-Allow-Origin' header is present on the requested resource. @ http://localhost:3000/ai?mode=asset:0
[    1031ms] [ERROR] Failed to load resource: net::ERR_FAILED @ https://api.nexusrbx.com/api/project-bindings/proj_55082b60b0a14eddb80c3e246e0c5306?t=1788156002364:0
[    1039ms] [ERROR] Access to fetch at 'https://api.nexusrbx.com/api/project-bindings/proj_55082b60b0a14eddb80c3e246e0c5306?t=1788156002376' from origin 'http://localhost:3000' has been blocked by CORS policy: Response to preflight request doesn't pass access control check: No 'Access-Control-Allow-Origin' header is present on the requested resource. @ http://localhost:3000/ai?mode=asset:0
[    1039ms] [ERROR] Failed to load resource: net::ERR_FAILED @ https://api.nexusrbx.com/api/project-bindings/proj_55082b60b0a14eddb80c3e246e0c5306?t=1788156002376:0
[    1040ms] [ERROR] Access to fetch at 'https://api.nexusrbx.com/api/project-bindings/proj_55082b60b0a14eddb80c3e246e0c5306?t=1788156002378' from origin 'http://localhost:3000' has been blocked by CORS policy: Response to preflight request doesn't pass access control check: No 'Access-Control-Allow-Origin' header is present on the requested resource. @ http://localhost:3000/ai?mode=asset:0
[    1040ms] [ERROR] Failed to load resource: net::ERR_FAILED @ https://api.nexusrbx.com/api/project-bindings/proj_55082b60b0a14eddb80c3e246e0c5306?t=1788156002378:0
[    1053ms] [ERROR] Access to fetch at 'https://api.nexusrbx.com/api/project-bindings/proj_55082b60b0a14eddb80c3e246e0c5306?t=1788156002394' from origin 'http://localhost:3000' has been blocked by CORS policy: Response to preflight request doesn't pass access control check: No 'Access-Control-Allow-Origin' header is present on the requested resource. @ http://localhost:3000/ai?mode=asset:0
[    1053ms] [ERROR] Failed to load resource: net::ERR_FAILED @ https://api.nexusrbx.com/api/project-bindings/proj_55082b60b0a14eddb80c3e246e0c5306?t=1788156002394:0
[    1053ms] [ERROR] Access to fetch at 'https://api.nexusrbx.com/api/project-bindings/proj_55082b60b0a14eddb80c3e246e0c5306?t=1788156002397' from origin 'http://localhost:3000' has been blocked by CORS policy: Response to preflight request doesn't pass access control check: No 'Access-Control-Allow-Origin' header is present on the requested resource. @ http://localhost:3000/ai?mode=asset:0
[    1053ms] [ERROR] Failed to load resource: net::ERR_FAILED @ https://api.nexusrbx.com/api/project-bindings/proj_55082b60b0a14eddb80c3e246e0c5306?t=1788156002397:0
[    1072ms] [ERROR] Access to fetch at 'https://api.nexusrbx.com/api/project-bindings/proj_55082b60b0a14eddb80c3e246e0c5306?t=1788156002412' from origin 'http://localhost:3000' has been blocked by CORS policy: Response to preflight request doesn't pass access control check: No 'Access-Control-Allow-Origin' header is present on the requested resource. @ http://localhost:3000/ai?mode=asset:0
[    1072ms] [ERROR] Failed to load resource: net::ERR_FAILED @ https://api.nexusrbx.com/api/project-bindings/proj_55082b60b0a14eddb80c3e246e0c5306?t=1788156002412:0
[    1072ms] [ERROR] Access to fetch at 'https://api.nexusrbx.com/api/project-bindings/proj_55082b60b0a14eddb80c3e246e0c5306?t=1788156002411' from origin 'http://localhost:3000' has been blocked by CORS policy: Response to preflight request doesn't pass access control check: No 'Access-Control-Allow-Origin' header is present on the requested resource. @ http://localhost:3000/ai?mode=asset:0
[    1072ms] [ERROR] Failed to load resource: net::ERR_FAILED @ https://api.nexusrbx.com/api/project-bindings/proj_55082b60b0a14eddb80c3e246e0c5306?t=1788156002411:0
[    1077ms] [ERROR] Access to fetch at 'https://api.nexusrbx.com/api/project-bindings/proj_55082b60b0a14eddb80c3e246e0c5306?t=1788156002424' from origin 'http://localhost:3000' has been blocked by CORS policy: Response to preflight request doesn't pass access control check: No 'Access-Control-Allow-Origin' header is present on the requested resource. @ http://localhost:3000/ai?mode=asset:0
[    1077ms] [ERROR] Failed to load resource: net::ERR_FAILED @ https://api.nexusrbx.com/api/project-bindings/proj_55082b60b0a14eddb80c3e246e0c5306?t=1788156002424:0
[    1082ms] [ERROR] Access to fetch at 'https://api.nexusrbx.com/api/project-bindings/proj_55082b60b0a14eddb80c3e246e0c5306?t=1788156002425' from origin 'http://localhost:3000' has been blocked by CORS policy: Response to preflight request doesn't pass access control check: No 'Access-Control-Allow-Origin' header is present on the requested resource. @ http://localhost:3000/ai?mode=asset:0
[    1082ms] [ERROR] Failed to load resource: net::ERR_FAILED @ https://api.nexusrbx.com/api/project-bindings/proj_55082b60b0a14eddb80c3e246e0c5306?t=1788156002425:0
[    1099ms] [ERROR] Access to fetch at 'https://api.nexusrbx.com/api/project-bindings/proj_55082b60b0a14eddb80c3e246e0c5306?t=1788156002442' from origin 'http://localhost:3000' has been blocked by CORS policy: Response to preflight request doesn't pass access control check: No 'Access-Control-Allow-Origin' header is present on the requested resource. @ http://localhost:3000/ai?mode=asset:0
[    1099ms] [ERROR] Failed to load resource: net::ERR_FAILED @ https://api.nexusrbx.com/api/project-bindings/proj_55082b60b0a14eddb80c3e246e0c5306?t=1788156002442:0
[    1105ms] [ERROR] Access to fetch at 'https://api.nexusrbx.com/api/project-bindings/proj_55082b60b0a14eddb80c3e246e0c5306?t=1788156002440' from origin 'http://localhost:3000' has been blocked by CORS policy: Response to preflight request doesn't pass access control check: No 'Access-Control-Allow-Origin' header is present on the requested resource. @ http://localhost:3000/ai?mode=asset:0
[    1105ms] [ERROR] Failed to load resource: net::ERR_FAILED @ https://api.nexusrbx.com/api/project-bindings/proj_55082b60b0a14eddb80c3e246e0c5306?t=1788156002440:0
[    1122ms] [ERROR] Access to fetch at 'https://api.nexusrbx.com/api/project-bindings/proj_55082b60b0a14eddb80c3e246e0c5306?t=1788156002461' from origin 'http://localhost:3000' has been blocked by CORS policy: Response to preflight request doesn't pass access control check: No 'Access-Control-Allow-Origin' header is present on the requested resource. @ http://localhost:3000/ai?mode=asset:0
[    1122ms] [ERROR] Failed to load resource: net::ERR_FAILED @ https://api.nexusrbx.com/api/project-bindings/proj_55082b60b0a14eddb80c3e246e0c5306?t=1788156002461:0
[    1126ms] [ERROR] Access to fetch at 'https://api.nexusrbx.com/api/project-bindings/proj_55082b60b0a14eddb80c3e246e0c5306?t=1788156002466' from origin 'http://localhost:3000' has been blocked by CORS policy: Response to preflight request doesn't pass access control check: No 'Access-Control-Allow-Origin' header is present on the requested resource. @ http://localhost:3000/ai?mode=asset:0
[    1126ms] [ERROR] Failed to load resource: net::ERR_FAILED @ https://api.nexusrbx.com/api/project-bindings/proj_55082b60b0a14eddb80c3e246e0c5306?t=1788156002466:0
[    1474ms] [ERROR] Access to fetch at 'https://api.nexusrbx.com/api/project-bindings?limit=100&t=1788156002820' from origin 'http://localhost:3000' has been blocked by CORS policy: Response to preflight request doesn't pass access control check: No 'Access-Control-Allow-Origin' header is present on the requested resource. @ http://localhost:3000/ai?mode=asset:0
[    1474ms] [ERROR] Failed to load resource: net::ERR_FAILED @ https://api.nexusrbx.com/api/project-bindings?limit=100&t=1788156002820:0
[    1652ms] [ERROR] Access to fetch at 'https://api.nexusrbx.com/api/project-bindings/proj_55082b60b0a14eddb80c3e246e0c5306?t=1788156002997' from origin 'http://localhost:3000' has been blocked by CORS policy: Response to preflight request doesn't pass access control check: No 'Access-Control-Allow-Origin' header is present on the requested resource. @ http://localhost:3000/ai?mode=asset:0
[    1652ms] [ERROR] Failed to load resource: net::ERR_FAILED @ https://api.nexusrbx.com/api/project-bindings/proj_55082b60b0a14eddb80c3e246e0c5306?t=1788156002997:0
