[     422ms] [INFO] %cDownload the React DevTools for a better development experience: https://reactjs.org/link/react-devtools font-weight:bold @ http://localhost:3000/static/js/bundle.js:84932
[     602ms] [WARNING] ⚠️ React Router Future Flag Warning: React Router will begin wrapping state updates in `React.startTransition` in v7. You can use the `v7_startTransition` future flag to opt-in early. For more information, see https://reactrouter.com/v6/upgrading/future#v7_starttransition. @ http://localhost:3000/static/js/bundle.js:89364
[     602ms] [WARNING] ⚠️ React Router Future Flag Warning: Relative route resolution within Splat routes is changing in v7. You can use the `v7_relativeSplatPath` future flag to opt-in early. For more information, see https://reactrouter.com/v6/upgrading/future#v7_relativesplatpath. @ http://localhost:3000/static/js/bundle.js:89364
[    1094ms] [ERROR] Access to fetch at 'https://api.nexusrbx.com/api/models' from origin 'http://localhost:3000' has been blocked by CORS policy: No 'Access-Control-Allow-Origin' header is present on the requested resource. @ http://localhost:3000/ai?mode=ui:0
[    1094ms] [ERROR] Failed to load resource: net::ERR_FAILED @ https://api.nexusrbx.com/api/models:0
[    1314ms] [ERROR] Access to fetch at 'https://api.nexusrbx.com/api/user/settings' from origin 'http://localhost:3000' has been blocked by CORS policy: Response to preflight request doesn't pass access control check: No 'Access-Control-Allow-Origin' header is present on the requested resource. @ http://localhost:3000/ai?mode=ui:0
[    1314ms] [ERROR] Failed to load resource: net::ERR_FAILED @ https://api.nexusrbx.com/api/user/settings:0
[    1321ms] [ERROR] Access to fetch at 'https://api.nexusrbx.com/api/roblox/oauth/status?t=1788155999875' from origin 'http://localhost:3000' has been blocked by CORS policy: Response to preflight request doesn't pass access control check: No 'Access-Control-Allow-Origin' header is present on the requested resource. @ http://localhost:3000/ai?mode=ui:0
[    1321ms] [ERROR] Failed to load resource: net::ERR_FAILED @ https://api.nexusrbx.com/api/roblox/oauth/status?t=1788155999875:0
[    1330ms] [ERROR] Access to fetch at 'https://api.nexusrbx.com/api/billing/entitlements' from origin 'http://localhost:3000' has been blocked by CORS policy: Response to preflight request doesn't pass access control check: No 'Access-Control-Allow-Origin' header is present on the requested resource. @ http://localhost:3000/ai?mode=ui:0
[    1330ms] [ERROR] Failed to load resource: net::ERR_FAILED @ https://api.nexusrbx.com/api/billing/entitlements:0
[    1502ms] [ERROR] Access to fetch at 'https://api.nexusrbx.com/api/project-bindings/proj_55082b60b0a14eddb80c3e246e0c5306?t=1788156000055' from origin 'http://localhost:3000' has been blocked by CORS policy: Response to preflight request doesn't pass access control check: No 'Access-Control-Allow-Origin' header is present on the requested resource. @ http://localhost:3000/ai?mode=ui:0
[    1502ms] [ERROR] Failed to load resource: net::ERR_FAILED @ https://api.nexusrbx.com/api/project-bindings/proj_55082b60b0a14eddb80c3e246e0c5306?t=1788156000055:0
[    1509ms] [ERROR] Access to fetch at 'https://api.nexusrbx.com/api/project-bindings/proj_55082b60b0a14eddb80c3e246e0c5306?t=1788156000054' from origin 'http://localhost:3000' has been blocked by CORS policy: Response to preflight request doesn't pass access control check: No 'Access-Control-Allow-Origin' header is present on the requested resource. @ http://localhost:3000/ai?mode=ui:0
[    1510ms] [ERROR] Failed to load resource: net::ERR_FAILED @ https://api.nexusrbx.com/api/project-bindings/proj_55082b60b0a14eddb80c3e246e0c5306?t=1788156000054:0
[    1510ms] [ERROR] Access to fetch at 'https://api.nexusrbx.com/api/project-bindings/proj_55082b60b0a14eddb80c3e246e0c5306?t=1788156000064' from origin 'http://localhost:3000' has been blocked by CORS policy: Response to preflight request doesn't pass access control check: No 'Access-Control-Allow-Origin' header is present on the requested resource. @ http://localhost:3000/ai?mode=ui:0
[    1510ms] [ERROR] Failed to load resource: net::ERR_FAILED @ https://api.nexusrbx.com/api/project-bindings/proj_55082b60b0a14eddb80c3e246e0c5306?t=1788156000064:0
[    1519ms] [ERROR] Access to fetch at 'https://api.nexusrbx.com/api/project-bindings/proj_55082b60b0a14eddb80c3e246e0c5306?t=1788156000066' from origin 'http://localhost:3000' has been blocked by CORS policy: Response to preflight request doesn't pass access control check: No 'Access-Control-Allow-Origin' header is present on the requested resource. @ http://localhost:3000/ai?mode=ui:0
[    1519ms] [ERROR] Failed to load resource: net::ERR_FAILED @ https://api.nexusrbx.com/api/project-bindings/proj_55082b60b0a14eddb80c3e246e0c5306?t=1788156000066:0
[    1526ms] [ERROR] Access to fetch at 'https://api.nexusrbx.com/api/project-bindings/proj_55082b60b0a14eddb80c3e246e0c5306?t=1788156000084' from origin 'http://localhost:3000' has been blocked by CORS policy: Response to preflight request doesn't pass access control check: No 'Access-Control-Allow-Origin' header is present on the requested resource. @ http://localhost:3000/ai?mode=ui:0
[    1526ms] [ERROR] Failed to load resource: net::ERR_FAILED @ https://api.nexusrbx.com/api/project-bindings/proj_55082b60b0a14eddb80c3e246e0c5306?t=1788156000084:0
[    1528ms] [ERROR] Access to fetch at 'https://api.nexusrbx.com/api/project-bindings/proj_55082b60b0a14eddb80c3e246e0c5306?t=1788156000075' from origin 'http://localhost:3000' has been blocked by CORS policy: Response to preflight request doesn't pass access control check: No 'Access-Control-Allow-Origin' header is present on the requested resource. @ http://localhost:3000/ai?mode=ui:0
[    1528ms] [ERROR] Failed to load resource: net::ERR_FAILED @ https://api.nexusrbx.com/api/project-bindings/proj_55082b60b0a14eddb80c3e246e0c5306?t=1788156000075:0
[    1528ms] [ERROR] Access to fetch at 'https://api.nexusrbx.com/api/project-bindings/proj_55082b60b0a14eddb80c3e246e0c5306?t=1788156000074' from origin 'http://localhost:3000' has been blocked by CORS policy: Response to preflight request doesn't pass access control check: No 'Access-Control-Allow-Origin' header is present on the requested resource. @ http://localhost:3000/ai?mode=ui:0
[    1529ms] [ERROR] Failed to load resource: net::ERR_FAILED @ https://api.nexusrbx.com/api/project-bindings/proj_55082b60b0a14eddb80c3e246e0c5306?t=1788156000074:0
[    1530ms] [ERROR] Access to fetch at 'https://api.nexusrbx.com/api/project-bindings/proj_55082b60b0a14eddb80c3e246e0c5306?t=1788156000085' from origin 'http://localhost:3000' has been blocked by CORS policy: Response to preflight request doesn't pass access control check: No 'Access-Control-Allow-Origin' header is present on the requested resource. @ http://localhost:3000/ai?mode=ui:0
[    1530ms] [ERROR] Failed to load resource: net::ERR_FAILED @ https://api.nexusrbx.com/api/project-bindings/proj_55082b60b0a14eddb80c3e246e0c5306?t=1788156000085:0
[    1535ms] [ERROR] Access to fetch at 'https://api.nexusrbx.com/api/project-bindings/proj_55082b60b0a14eddb80c3e246e0c5306?t=1788156000092' from origin 'http://localhost:3000' has been blocked by CORS policy: Response to preflight request doesn't pass access control check: No 'Access-Control-Allow-Origin' header is present on the requested resource. @ http://localhost:3000/ai?mode=ui:0
[    1535ms] [ERROR] Failed to load resource: net::ERR_FAILED @ https://api.nexusrbx.com/api/project-bindings/proj_55082b60b0a14eddb80c3e246e0c5306?t=1788156000092:0
[    1535ms] [ERROR] Access to fetch at 'https://api.nexusrbx.com/api/project-bindings/proj_55082b60b0a14eddb80c3e246e0c5306?t=1788156000093' from origin 'http://localhost:3000' has been blocked by CORS policy: Response to preflight request doesn't pass access control check: No 'Access-Control-Allow-Origin' header is present on the requested resource. @ http://localhost:3000/ai?mode=ui:0
[    1535ms] [ERROR] Failed to load resource: net::ERR_FAILED @ https://api.nexusrbx.com/api/project-bindings/proj_55082b60b0a14eddb80c3e246e0c5306?t=1788156000093:0
[    1944ms] [ERROR] Access to fetch at 'https://api.nexusrbx.com/api/project-bindings?limit=100&t=1788156000501' from origin 'http://localhost:3000' has been blocked by CORS policy: Response to preflight request doesn't pass access control check: No 'Access-Control-Allow-Origin' header is present on the requested resource. @ http://localhost:3000/ai?mode=ui:0
[    1944ms] [ERROR] Failed to load resource: net::ERR_FAILED @ https://api.nexusrbx.com/api/project-bindings?limit=100&t=1788156000501:0
[    1956ms] [ERROR] Access to fetch at 'https://api.nexusrbx.com/api/user/teams?t=1788156000502' from origin 'http://localhost:3000' has been blocked by CORS policy: Response to preflight request doesn't pass access control check: No 'Access-Control-Allow-Origin' header is present on the requested resource. @ http://localhost:3000/ai?mode=ui:0
[    1956ms] [ERROR] Failed to load resource: net::ERR_FAILED @ https://api.nexusrbx.com/api/user/teams?t=1788156000502:0
[    2114ms] [ERROR] Access to fetch at 'https://api.nexusrbx.com/api/project-bindings/proj_55082b60b0a14eddb80c3e246e0c5306?t=1788156000669' from origin 'http://localhost:3000' has been blocked by CORS policy: Response to preflight request doesn't pass access control check: No 'Access-Control-Allow-Origin' header is present on the requested resource. @ http://localhost:3000/ai?mode=ui:0
[    2114ms] [ERROR] Failed to load resource: net::ERR_FAILED @ https://api.nexusrbx.com/api/project-bindings/proj_55082b60b0a14eddb80c3e246e0c5306?t=1788156000669:0
