
> nexusrbx-react@0.1.0 build
> node scripts/verify-studio-download.cjs && node scripts/generate-sitemap.js --best-effort && react-scripts build && npm run public:build && node scripts/merge-public-export.js

Verified Studio download: nexusrbx-studio-0.14.0-r15-animation.13-edit-isolation
[sitemap] fetching icon page 1: https://api.nexusrbx.com/api/icons/market?limit=500
[sitemap] page 1: 80 icons
[sitemap] fetching icon page 2: https://api.nexusrbx.com/api/icons/market?limit=500&lastDocId=nexus-icon-v1.eyJ2IjoxLCJtIjoiY3JlYXRlZF9hdCIsImQiOiJ2ZXRPSXpvTmZzWFlBVXlaUk5lTyJ9
[sitemap] page 2: 100 icons
[sitemap] fetching icon page 3: https://api.nexusrbx.com/api/icons/market?limit=500&lastDocId=nexus-icon-v1.eyJ2IjoxLCJtIjoiY3JlYXRlZF9hdCIsImQiOiJiRWNLNHFOQ3czVkFVblRjcVVIWSJ9
[sitemap] page 3: 100 icons
[sitemap] fetching icon page 4: https://api.nexusrbx.com/api/icons/market?limit=500&lastDocId=nexus-icon-v1.eyJ2IjoxLCJtIjoiY3JlYXRlZF9hdCIsImQiOiJ1djB2c0NsOG1HVmpqRlNnOHFSQyJ9
[sitemap] page 4: 100 icons
[sitemap] fetching icon page 5: https://api.nexusrbx.com/api/icons/market?limit=500&lastDocId=nexus-icon-v1.eyJ2IjoxLCJtIjoiY3JlYXRlZF9hdCIsImQiOiJnd2kwOVRLemQyT3Y4bDZ4ZlFHeCJ9
[sitemap] page 5: 100 icons
[sitemap] fetching icon page 6: https://api.nexusrbx.com/api/icons/market?limit=500&lastDocId=nexus-icon-v1.eyJ2IjoxLCJtIjoiY3JlYXRlZF9hdCIsImQiOiJydjdmZmpzNFpMSngwZ2F3Rm15UCJ9
[sitemap] page 6: 100 icons
[sitemap] fetching icon page 7: https://api.nexusrbx.com/api/icons/market?limit=500&lastDocId=nexus-icon-v1.eyJ2IjoxLCJtIjoiY3JlYXRlZF9hdCIsImQiOiJVNnUya05wRFgxQk5GUFVDS2lXYiJ9
[sitemap] page 7: 100 icons
[sitemap] fetching icon page 8: https://api.nexusrbx.com/api/icons/market?limit=500&lastDocId=nexus-icon-v1.eyJ2IjoxLCJtIjoiY3JlYXRlZF9hdCIsImQiOiJYS25zTHZwelNLU3J5MnJGbWJoMCJ9
[sitemap] page 8: 100 icons
[sitemap] fetching icon page 9: https://api.nexusrbx.com/api/icons/market?limit=500&lastDocId=nexus-icon-v1.eyJ2IjoxLCJtIjoiY3JlYXRlZF9hdCIsImQiOiJUeEx2TjVoSEgwaXpTY3V0Y1pBZCJ9
[sitemap] page 9: 100 icons
[sitemap] fetching icon page 10: https://api.nexusrbx.com/api/icons/market?limit=500&lastDocId=nexus-icon-v1.eyJ2IjoxLCJtIjoiY3JlYXRlZF9hdCIsImQiOiI0ajZPNW9EQnNuTmgyNWJiS25sMSJ9
[sitemap] page 10: 100 icons
[sitemap] fetching icon page 11: https://api.nexusrbx.com/api/icons/market?limit=500&lastDocId=nexus-icon-v1.eyJ2IjoxLCJtIjoiY3JlYXRlZF9hdCIsImQiOiJVdHdIckN1Y0ZheUxncGhhRDVhNCJ9
[sitemap] page 11: 100 icons
[sitemap] fetching icon page 12: https://api.nexusrbx.com/api/icons/market?limit=500&lastDocId=nexus-icon-v1.eyJ2IjoxLCJtIjoiY3JlYXRlZF9hdCIsImQiOiJlbWlucHd1R3lTRnZCaUx1aUxMVSJ9
[sitemap] page 12: 100 icons
[sitemap] fetching icon page 13: https://api.nexusrbx.com/api/icons/market?limit=500&lastDocId=nexus-icon-v1.eyJ2IjoxLCJtIjoiY3JlYXRlZF9hdCIsImQiOiJNUVVJYjFnMWNuVVNMaTcwNUZHMCJ9
[sitemap] page 13: 100 icons
[sitemap] fetching icon page 14: https://api.nexusrbx.com/api/icons/market?limit=500&lastDocId=nexus-icon-v1.eyJ2IjoxLCJtIjoiY3JlYXRlZF9hdCIsImQiOiJMak5aR2hWOFp3Zzd0MGNOV1MwZyJ9
[sitemap] page 14: 100 icons
[sitemap] fetching icon page 15: https://api.nexusrbx.com/api/icons/market?limit=500&lastDocId=nexus-icon-v1.eyJ2IjoxLCJtIjoiY3JlYXRlZF9hdCIsImQiOiJaQ21HNEV4d1NlVW5tV2ZtUzlWMiJ9
[sitemap] page 15: 100 icons
[sitemap] fetching icon page 16: https://api.nexusrbx.com/api/icons/market?limit=500&lastDocId=nexus-icon-v1.eyJ2IjoxLCJtIjoiY3JlYXRlZF9hdCIsImQiOiJmd2VpQXFOZFF3VkMwS1o1UjJTQSJ9
[sitemap] page 16: 100 icons
[sitemap] fetching icon page 17: https://api.nexusrbx.com/api/icons/market?limit=500&lastDocId=nexus-icon-v1.eyJ2IjoxLCJtIjoiY3JlYXRlZF9hdCIsImQiOiJHNnBXMXNPeHRKYjZaeVNOM2x2TiJ9
[sitemap] page 17: 100 icons
[sitemap] fetching icon page 18: https://api.nexusrbx.com/api/icons/market?limit=500&lastDocId=nexus-icon-v1.eyJ2IjoxLCJtIjoiY3JlYXRlZF9hdCIsImQiOiJ0OTYwT3dQNDVzREhSQzcwS1pKRyJ9
[sitemap] page 18: 100 icons
[sitemap] fetching icon page 19: https://api.nexusrbx.com/api/icons/market?limit=500&lastDocId=nexus-icon-v1.eyJ2IjoxLCJtIjoiY3JlYXRlZF9hdCIsImQiOiJ3ZmFpbDhaS3RMbm44MVhRSjV4biJ9
[sitemap] page 19: 100 icons
[sitemap] fetching icon page 20: https://api.nexusrbx.com/api/icons/market?limit=500&lastDocId=nexus-icon-v1.eyJ2IjoxLCJtIjoiY3JlYXRlZF9hdCIsImQiOiJIeXlCM3dMQU0zSERVQVFQUko1NSJ9
[sitemap] page 20: 100 icons
[sitemap] fetching icon page 21: https://api.nexusrbx.com/api/icons/market?limit=500&lastDocId=nexus-icon-v1.eyJ2IjoxLCJtIjoiY3JlYXRlZF9hdCIsImQiOiJiOFZFRnVPZ0NNQXhiMWFxUG42cyJ9
[sitemap] page 21: 100 icons
[sitemap] fetching icon page 22: https://api.nexusrbx.com/api/icons/market?limit=500&lastDocId=nexus-icon-v1.eyJ2IjoxLCJtIjoiY3JlYXRlZF9hdCIsImQiOiJMTlhvYlNoUGFDVnZCcXp4TWV2OCJ9
[sitemap] page 22: 100 icons
[sitemap] fetching icon page 23: https://api.nexusrbx.com/api/icons/market?limit=500&lastDocId=nexus-icon-v1.eyJ2IjoxLCJtIjoiY3JlYXRlZF9hdCIsImQiOiJHcTl2cTU4SWFnNkZSQU96WTVTayJ9
[sitemap] page 23: 100 icons
[sitemap] fetching icon page 24: https://api.nexusrbx.com/api/icons/market?limit=500&lastDocId=nexus-icon-v1.eyJ2IjoxLCJtIjoiY3JlYXRlZF9hdCIsImQiOiJPUGlTMFp0VDR6ZDFpVnc2ekM5aiJ9
[sitemap] page 24: 100 icons
[sitemap] fetching icon page 25: https://api.nexusrbx.com/api/icons/market?limit=500&lastDocId=nexus-icon-v1.eyJ2IjoxLCJtIjoiY3JlYXRlZF9hdCIsImQiOiI1WDVSWGRtaXBzUU1IWnRRSUFveCJ9
[sitemap] page 25: 100 icons
[sitemap] fetching icon page 26: https://api.nexusrbx.com/api/icons/market?limit=500&lastDocId=nexus-icon-v1.eyJ2IjoxLCJtIjoiY3JlYXRlZF9hdCIsImQiOiJmb3NrUWc4THJIZ1FYa2JPeG5HVSJ9
[sitemap] page 26: 100 icons
[sitemap] fetching icon page 27: https://api.nexusrbx.com/api/icons/market?limit=500&lastDocId=nexus-icon-v1.eyJ2IjoxLCJtIjoiY3JlYXRlZF9hdCIsImQiOiJyaUxTWUp4dGJ4VnZ1Q3RSQTBIRSJ9
[sitemap] page 27: 100 icons
[sitemap] fetching icon page 28: https://api.nexusrbx.com/api/icons/market?limit=500&lastDocId=nexus-icon-v1.eyJ2IjoxLCJtIjoiY3JlYXRlZF9hdCIsImQiOiJHRzY2Sk1kdEVRMFRuN1o0N2JIbSJ9
[sitemap] page 28: 100 icons
[sitemap] fetching icon page 29: https://api.nexusrbx.com/api/icons/market?limit=500&lastDocId=nexus-icon-v1.eyJ2IjoxLCJtIjoiY3JlYXRlZF9hdCIsImQiOiJaNUhobnhKOGJxelByRzF4bjdtciJ9
[sitemap] page 29: 100 icons
[sitemap] fetching icon page 30: https://api.nexusrbx.com/api/icons/market?limit=500&lastDocId=nexus-icon-v1.eyJ2IjoxLCJtIjoiY3JlYXRlZF9hdCIsImQiOiJBcjU0VTJaTUlxYWhiUUpDbW4yeCJ9
[sitemap] page 30: 100 icons
[sitemap] fetching icon page 31: https://api.nexusrbx.com/api/icons/market?limit=500&lastDocId=nexus-icon-v1.eyJ2IjoxLCJtIjoiY3JlYXRlZF9hdCIsImQiOiJwaGh2eFlOVHhmeXlGUlNueXZMNyJ9
[sitemap] page 31: 100 icons
[sitemap] fetching icon page 32: https://api.nexusrbx.com/api/icons/market?limit=500&lastDocId=nexus-icon-v1.eyJ2IjoxLCJtIjoiY3JlYXRlZF9hdCIsImQiOiJnZGhWTzl6cGN5SHFWTEpISUFYOSJ9
[sitemap] page 32: 100 icons
[sitemap] fetching icon page 33: https://api.nexusrbx.com/api/icons/market?limit=500&lastDocId=nexus-icon-v1.eyJ2IjoxLCJtIjoiY3JlYXRlZF9hdCIsImQiOiJGdWNpZ05WWXh1VW1jWXRyM2hlOSJ9
[sitemap] page 33: 100 icons
[sitemap] fetching icon page 34: https://api.nexusrbx.com/api/icons/market?limit=500&lastDocId=nexus-icon-v1.eyJ2IjoxLCJtIjoiY3JlYXRlZF9hdCIsImQiOiIwVDlGN3M4dEhMQWRldnFyZUtDaiJ9
[sitemap] page 34: 100 icons
[sitemap] fetching icon page 35: https://api.nexusrbx.com/api/icons/market?limit=500&lastDocId=nexus-icon-v1.eyJ2IjoxLCJtIjoiY3JlYXRlZF9hdCIsImQiOiJNYzlkT1hDQTRNRzRpUFFXTzdLbiJ9
[sitemap] page 35: 100 icons
[sitemap] fetching icon page 36: https://api.nexusrbx.com/api/icons/market?limit=500&lastDocId=nexus-icon-v1.eyJ2IjoxLCJtIjoiY3JlYXRlZF9hdCIsImQiOiJSNUlTOWdrZlVleUFyOTU3cnludyJ9
[sitemap] page 36: 100 icons
[sitemap] fetching icon page 37: https://api.nexusrbx.com/api/icons/market?limit=500&lastDocId=nexus-icon-v1.eyJ2IjoxLCJtIjoiY3JlYXRlZF9hdCIsImQiOiJBaktMZU9RdGFxZG5vZlVvQXZBaCJ9
[sitemap] page 37: 100 icons
[sitemap] fetching icon page 38: https://api.nexusrbx.com/api/icons/market?limit=500&lastDocId=nexus-icon-v1.eyJ2IjoxLCJtIjoiY3JlYXRlZF9hdCIsImQiOiJyZ0xDSHpKWW9SWkE4cDM5TWFDeiJ9
[sitemap] page 38: 100 icons
[sitemap] fetching icon page 39: https://api.nexusrbx.com/api/icons/market?limit=500&lastDocId=nexus-icon-v1.eyJ2IjoxLCJtIjoiY3JlYXRlZF9hdCIsImQiOiJ4TGp2V1Z2cWNGd1g2UjN2Tk51bSJ9
[sitemap] page 39: 100 icons
[sitemap] fetching icon page 40: https://api.nexusrbx.com/api/icons/market?limit=500&lastDocId=nexus-icon-v1.eyJ2IjoxLCJtIjoiY3JlYXRlZF9hdCIsImQiOiJpWG13Z09WTGVxdWFWUm5kWGJtSiJ9
[sitemap] page 40: 100 icons
[sitemap] fetching icon page 41: https://api.nexusrbx.com/api/icons/market?limit=500&lastDocId=nexus-icon-v1.eyJ2IjoxLCJtIjoiY3JlYXRlZF9hdCIsImQiOiJFZmpOODBzcjVnb0dkcEllbUI1ZSJ9
[sitemap] page 41: 100 icons
[sitemap] fetching icon page 42: https://api.nexusrbx.com/api/icons/market?limit=500&lastDocId=nexus-icon-v1.eyJ2IjoxLCJtIjoiY3JlYXRlZF9hdCIsImQiOiJ0UTEzdUtpTlhyNDNmZlZYd2VHRCJ9
[sitemap] page 42: 100 icons
[sitemap] fetching icon page 43: https://api.nexusrbx.com/api/icons/market?limit=500&lastDocId=nexus-icon-v1.eyJ2IjoxLCJtIjoiY3JlYXRlZF9hdCIsImQiOiJpSnRSVEdsNkl3UUNLdHVDYTdVRSJ9
[sitemap] page 43: 100 icons
[sitemap] fetching icon page 44: https://api.nexusrbx.com/api/icons/market?limit=500&lastDocId=nexus-icon-v1.eyJ2IjoxLCJtIjoiY3JlYXRlZF9hdCIsImQiOiJ4MnhaUWQ1Z0Q1QmlncUp6NHV4bSJ9
[sitemap] page 44: 100 icons
[sitemap] fetching icon page 45: https://api.nexusrbx.com/api/icons/market?limit=500&lastDocId=nexus-icon-v1.eyJ2IjoxLCJtIjoiY3JlYXRlZF9hdCIsImQiOiJaSGRpWU9URDVzNW1QMXI4MTlWRCJ9
[sitemap] page 45: 100 icons
[sitemap] fetching icon page 46: https://api.nexusrbx.com/api/icons/market?limit=500&lastDocId=nexus-icon-v1.eyJ2IjoxLCJtIjoiY3JlYXRlZF9hdCIsImQiOiJObk9sNHhiUnNoT1UyQXNHUkJ0aCJ9
[sitemap] page 46: 100 icons
[sitemap] fetching icon page 47: https://api.nexusrbx.com/api/icons/market?limit=500&lastDocId=nexus-icon-v1.eyJ2IjoxLCJtIjoiY3JlYXRlZF9hdCIsImQiOiJRY252cWUzMHZqemc4WmNMeGJKOCJ9
[sitemap] page 47: 100 icons
[sitemap] fetching icon page 48: https://api.nexusrbx.com/api/icons/market?limit=500&lastDocId=nexus-icon-v1.eyJ2IjoxLCJtIjoiY3JlYXRlZF9hdCIsImQiOiJDSXNDcXRxUGtkVkc0dHoyeE1DMSJ9
[sitemap] page 48: 100 icons
[sitemap] fetching icon page 49: https://api.nexusrbx.com/api/icons/market?limit=500&lastDocId=nexus-icon-v1.eyJ2IjoxLCJtIjoiY3JlYXRlZF9hdCIsImQiOiJEeTZGQUtTc05Td3QzNktWdE9MWiJ9
[sitemap] page 49: 100 icons
[sitemap] fetching icon page 50: https://api.nexusrbx.com/api/icons/market?limit=500&lastDocId=nexus-icon-v1.eyJ2IjoxLCJtIjoiY3JlYXRlZF9hdCIsImQiOiJzdUhQY2hzWTlrR1ZKSGJoazVqNiJ9
[sitemap] page 50: 100 icons
[sitemap] fetching icon page 51: https://api.nexusrbx.com/api/icons/market?limit=500&lastDocId=nexus-icon-v1.eyJ2IjoxLCJtIjoiY3JlYXRlZF9hdCIsImQiOiJiZ2RYdjFldFpER2FiMENKb0I0eiJ9
[sitemap] page 51: 100 icons
[sitemap] fetching icon page 52: https://api.nexusrbx.com/api/icons/market?limit=500&lastDocId=nexus-icon-v1.eyJ2IjoxLCJtIjoiY3JlYXRlZF9hdCIsImQiOiJ5QjJzalBpQ0tDTnFrdDkwM0dLSiJ9
[sitemap] page 52: 100 icons
[sitemap] fetching icon page 53: https://api.nexusrbx.com/api/icons/market?limit=500&lastDocId=nexus-icon-v1.eyJ2IjoxLCJtIjoiY3JlYXRlZF9hdCIsImQiOiJ0alp2NnB3cGRyR3RxV0RPYlBMZiJ9
[sitemap] page 53: 100 icons
[sitemap] fetching icon page 54: https://api.nexusrbx.com/api/icons/market?limit=500&lastDocId=nexus-icon-v1.eyJ2IjoxLCJtIjoiY3JlYXRlZF9hdCIsImQiOiJDUnltaHBuTkhBU1NkMWNTYzRyViJ9
[sitemap] page 54: 100 icons
[sitemap] fetching icon page 55: https://api.nexusrbx.com/api/icons/market?limit=500&lastDocId=nexus-icon-v1.eyJ2IjoxLCJtIjoiY3JlYXRlZF9hdCIsImQiOiJ6ZFE4eE5ObjBqTDJJV203RnlxdiJ9
[sitemap] page 55: 100 icons
[sitemap] fetching icon page 56: https://api.nexusrbx.com/api/icons/market?limit=500&lastDocId=nexus-icon-v1.eyJ2IjoxLCJtIjoiY3JlYXRlZF9hdCIsImQiOiIzUjdKdWRKN0dvUGhSUzNmNUZqOCJ9
[sitemap] page 56: 100 icons
[sitemap] fetching icon page 57: https://api.nexusrbx.com/api/icons/market?limit=500&lastDocId=nexus-icon-v1.eyJ2IjoxLCJtIjoiY3JlYXRlZF9hdCIsImQiOiJkdjQyZUFRY3dBMm5UVU5Wak9zVyJ9
[sitemap] page 57: 100 icons
[sitemap] fetching icon page 58: https://api.nexusrbx.com/api/icons/market?limit=500&lastDocId=nexus-icon-v1.eyJ2IjoxLCJtIjoiY3JlYXRlZF9hdCIsImQiOiJDblBpVzRkVHk5QU9NTURvWk96cCJ9
[sitemap] page 58: 100 icons
[sitemap] fetching icon page 59: https://api.nexusrbx.com/api/icons/market?limit=500&lastDocId=nexus-icon-v1.eyJ2IjoxLCJtIjoiY3JlYXRlZF9hdCIsImQiOiI3aEs5QnNSV3FDMnNHdUcwWEEyNCJ9
[sitemap] page 59: 100 icons
[sitemap] fetching icon page 60: https://api.nexusrbx.com/api/icons/market?limit=500&lastDocId=nexus-icon-v1.eyJ2IjoxLCJtIjoiY3JlYXRlZF9hdCIsImQiOiI1THZJbExlT2pIMmVVVDVqMVBiTCJ9
[sitemap] page 60: 22 icons
[sitemap] generated sitemap index and child sitemaps
[sitemap] included core=3, docs=22, examples=5, icons=150
[sitemap] qualified icons=3304, published icons=150, unpublished qualified icons=3154
[sitemap] excluded icons=2598
[sitemap] exclusion reasons={"thin_or_duplicate_name":2598}
[sitemap] indexable categories=5, excluded categories=0
[sitemap] unpublished qualified samples=["1KLi8C9AUU8uM4gIgQj1","1ljQKW4FRJlsaGzwLt1w","1lRpwmU3YAL7MsWciTVX","1M4eNB1fUlgcvwFfteAr","1MAedMEF6Cjrr6mdKaV9","1mJ2p0uqUJKzRvLJfUH8","1mSAAxYuw97zZVxWGbqY","1mv8XOemPBCvJfNcBGyY","1mWJQUAeSKfHU31Ylay8","1Nk7KHkkqJn8ysMs5vHt","1nsA9lefBSj1GlscvCpJ","1NvH1SKq3zNsyuVX9HMX","1NWNoyxdphvTtuVaXuis","1O08qfLEZj6PNMUVO1Tp","1o383jEKCbLU0scEA5lG","1oiLql2452HCsObxo1ja","1oQj9O88oe2U09tlvMAW","1p0sQ7uYGZjNdi2iFtP4","1PKaVzyTBaJ314h7I9s6","1PPgUmb24SM4SFmY8yLJ"]
[sitemap] exclusion samples=[{"id":"0knZqgRQvMauQHWEa7ho","name":"Button - Button Round 3d 2.5 Brown Standard","reasons":["thin_or_duplicate_name"]},{"id":"1mB2kynzaBrfVEg1t0pT","name":"Button - Button Round Flat 1 White Focus","reasons":["thin_or_duplicate_name"]},{"id":"1UwhmHLEHtimCVr6atxF","name":"Cloud 2nd Outline 64px","reasons":["thin_or_duplicate_name"]},{"id":"1Zsc3ULwJME4Hp6zT4Jo","name":"Cross","reasons":["thin_or_duplicate_name"]},{"id":"27BBLe1aEv0tKrsvbroR","name":"Bar - Progress Container Thin Grey Lighter","reasons":["thin_or_duplicate_name"]},{"id":"2E6GfHEJXZpvj41dkq9h","name":"Widget - Checkbox Cross Black","reasons":["thin_or_duplicate_name"]},{"id":"2LxD15k1v5Tqa4b2fzG5","name":"Green Upgrade 2nd Outline 256px","reasons":["thin_or_duplicate_name"]},{"id":"2oD8bgGT5hvtBh3EkYZ6","name":"Silver 1st Outline 256px","reasons":["thin_or_duplicate_name"]},{"id":"2UQtEN6oaRzCeNdZgltT","name":"Chat 1st Outline 64px","reasons":["thin_or_duplicate_name"]},{"id":"3fX6rWralyj9E9XyNYZF","name":"Egg - Kraken Egg Golden Outline 64px","reasons":["thin_or_duplicate_name"]},{"id":"3mUhaXxmM9PbHDmqJ5Jp","name":"Music ON 2nd 256px","reasons":["thin_or_duplicate_name"]},{"id":"3nJEMWRrgjNEILbXnTZJ","name":"Torch 2nd 256px","reasons":["thin_or_duplicate_name"]},{"id":"3QgMOkgzb7Cw6zWgwCmU","name":"Button - Button Square 3d 1 Yellow Light Hover","reasons":["thin_or_duplicate_name"]},{"id":"3UKK6M5tM5nwHs4QlCP2","name":"Golden Shopping Bag 1st 64px","reasons":["thin_or_duplicate_name"]},{"id":"3w503HT7O3ifJz3eVHjH","name":"RightRed","reasons":["thin_or_duplicate_name"]},{"id":"4CGSnQvBTiR7hO1zZFnd","name":"Button - Button Round Flat 1 Forestgreen Regular Focus","reasons":["thin_or_duplicate_name"]},{"id":"4KrI9AoDZh2ou2W6tR6X","name":"Button - Button Square 3d 1 Green Regular Hover","reasons":["thin_or_duplicate_name"]},{"id":"4ti2YgdXMk2Yvn2ROhV8","name":"HeartPurple","reasons":["thin_or_duplicate_name"]},{"id":"4v62ANt2M41tWqZiQ5y3","name":"Blue Arm 1st Outline 256px","reasons":["thin_or_duplicate_name"]},{"id":"4v6lWvUFuYHfWfxhPsNv","name":"Green Lighting 1st Outline 64px","reasons":["thin_or_duplicate_name"]}]
Creating an optimized production build...
Compiled successfully.

File sizes after gzip:


The project was built assuming it is hosted at /.
You can control this with the homepage field in your package.json.

The build folder is ready to be deployed.
You may serve it with a static server:

  yarn global add serve
  serve -s build

Find out more about deployment here:

  https://cra.link/deployment


> nexusrbx-react@0.1.0 public:build
> next build public-frontend

▲ Next.js 16.3.0 (Turbopack)
✓ Running next.config.js took 39ms
⨯ Another next build process is already running.

  This could be:
  - A next build still in progress
  - A previous build that didn't exit cleanly

  Suggestion: Wait for the build to complete.
