TAP version 13
# Subtest: benchmark compares paired medians and reports usage without hiding acceptance regressions
ok 1 - benchmark compares paired medians and reports usage without hiding acceptance regressions
  ---
  duration_ms: 1.4812
  ...
# Subtest: benchmark rejects mismatched models and cannot infer missing playable results
ok 2 - benchmark rejects mismatched models and cannot infer missing playable results
  ---
  duration_ms: 0.5609
  ...
# Subtest: team routing requires a new approved canonical game and the rollout flag
ok 3 - team routing requires a new approved canonical game and the rollout flag
  ---
  duration_ms: 5.1664
  ...
# Subtest: lead rejects overlapping paths, dependency cycles, and missing dependencies
ok 4 - lead rejects overlapping paths, dependency cycles, and missing dependencies
  ---
  duration_ms: 1.3077
  ...
# Subtest: specialists cannot stage writes outside owned paths or destructive commands
ok 5 - specialists cannot stage writes outside owned paths or destructive commands
  ---
  duration_ms: 1.3892
  ...
# Subtest: shared model slots enforce both user capacity and the four-call build cap
ok 6 - shared model slots enforce both user capacity and the four-call build cap
  ---
  duration_ms: 3.6006
  ...
# Subtest: durable lead dispatches independent specialists in parallel; completion waits for playtest
ok 7 - durable lead dispatches independent specialists in parallel; completion waits for playtest
  ---
  duration_ms: 38.8168
  ...
# Subtest: a changed plan fences old workers and preserves staged outputs
ok 8 - a changed plan fences old workers and preserves staged outputs
  ---
  duration_ms: 12.998
  ...
# Subtest: team projections expose saved output references without source or prompts
ok 9 - team projections expose saved output references without source or prompts
  ---
  duration_ms: 0.2678
  ...
# Subtest: dependent specialists wait for accepted dependency artifacts
ok 10 - dependent specialists wait for accepted dependency artifacts
  ---
  duration_ms: 16.4951
  ...
# Subtest: shared interface revisions reuse completed unrelated assignments
ok 11 - shared interface revisions reuse completed unrelated assignments
  ---
  duration_ms: 40.1409
  ...
# Subtest: two targeted repair cycles preserve successful siblings and reject a third
ok 12 - two targeted repair cycles preserve successful siblings and reject a third
  ---
  duration_ms: 46.4838
  ...
# Subtest: usage includes invalid paid output and retries do not restart successful assignments
ok 13 - usage includes invalid paid output and retries do not restart successful assignments
  ---
  duration_ms: 1031.4456
  ...
# Subtest: cancellation fences a worker response already in flight
ok 14 - cancellation fences a worker response already in flight
  ---
  duration_ms: 15.5768
  ...
# Subtest: stale artifact payloads cannot smuggle a second target
ok 15 - stale artifact payloads cannot smuggle a second target
  ---
  duration_ms: 0.4854
  ...
# Subtest: worker restart recovers a stored artifact without another lead model call
ok 16 - worker restart recovers a stored artifact without another lead model call
  ---
  duration_ms: 9.6739
  ...
# Subtest: a newer test failure or scene edit invalidates an earlier passing suite
ok 17 - a newer test failure or scene edit invalidates an earlier passing suite
  ---
  duration_ms: 1.1217
  ...
# Subtest: integration requires current source and a later matching readback
ok 18 - integration requires current source and a later matching readback
  ---
  duration_ms: 0.8347
  ...
# Subtest: integration ownership applies to every operation in an atomic batch
ok 19 - integration ownership applies to every operation in an atomic batch
  ---
  duration_ms: 0.6428
  ...
# Subtest: freshly reading a manual edit cannot authorize overwriting it with stale staged source
ok 20 - freshly reading a manual edit cannot authorize overwriting it with stale staged source
  ---
  duration_ms: 1.1211
  ...
1..20
# tests 20
# suites 0
# pass 20
# fail 0
# cancelled 0
# skipped 0
# todo 0
# duration_ms 1334.6426
