{
  "success": false,
  "passed": 4,
  "total": 16,
  "unresolved": [
    {
      "fingerprint": "54ec151fda423f0d3f0dd77917248300ac243ac07d8a3e5110e896ff0998ca40",
      "part": "panel_surface",
      "nodes": [
        "SettingsPanel",
        "CreditsPanel"
      ],
      "required": true,
      "sourceSheet": "sheet-0.png",
      "pass": false,
      "failure": {
        "code": "UI_SHEET_PART_UNVERIFIED",
        "message": "No complete standalone silhouette matches the supplied box."
      }
    },
    {
      "fingerprint": "5f445da8b98588c90c407e2b7e14bac2d8fd5086f5831d97a5c4761b948150d3",
      "part": "component_surface",
      "nodes": [
        "PlayButton"
      ],
      "required": true,
      "sourceSheet": "sheet-0.png",
      "pass": false,
      "failure": {
        "code": "UI_SHEET_PART_UNVERIFIED",
        "message": "No complete standalone silhouette matches the supplied box."
      }
    },
    {
      "fingerprint": "632f0ec3bf326823d5c01836024f2110648f471f7fc5cfaef88bbf44dc0db435",
      "part": "component_surface",
      "nodes": [
        "SettingsCloseButton",
        "CreditsCloseButton"
      ],
      "required": true,
      "sourceSheet": "sheet-2.png",
      "pass": false,
      "failure": {
        "code": "UI_SHEET_PART_UNVERIFIED",
        "message": "No complete standalone silhouette matches the supplied box."
      }
    },
    {
      "fingerprint": "ccaf2c88af1d011b07fea507f44d892aa5d2c5ba572244e77c1320e863027825",
      "part": "component_surface",
      "nodes": [
        "SettingsButton",
        "CreditsButton"
      ],
      "required": true,
      "sourceSheet": "sheet-0.png",
      "pass": false,
      "failure": {
        "code": "UI_SHEET_PART_UNVERIFIED",
        "message": "No complete standalone silhouette matches the supplied box."
      }
    },
    {
      "fingerprint": "0b1b07002d5c6e62cef8c6cd646c18fab8dfef645a59fc475dd596686d04e64e",
      "part": "slider_track",
      "nodes": [
        "VolumeSliderTrack"
      ],
      "required": true,
      "sourceSheet": "sheet-0.png",
      "pass": false,
      "failure": {
        "code": "UI_SHEET_PART_UNVERIFIED",
        "message": "No complete standalone silhouette matches the supplied box."
      }
    },
    {
      "fingerprint": "18d80685743559ea034153ec9556713093764cb54e70ecfe926587010c1c2318",
      "part": "ornament",
      "nodes": [
        "TitlePlate"
      ],
      "required": true,
      "sourceSheet": "sheet-0.png",
      "pass": false,
      "failure": {
        "code": "UI_SHEET_PART_UNVERIFIED",
        "message": "No complete standalone silhouette matches the supplied box."
      }
    },
    {
      "fingerprint": "20efc7a39a4c797c9ea86850a6d7dd3d4174296c93854833180001f8c6154df9",
      "part": "ornament",
      "nodes": [
        "CornerOrnament"
      ],
      "required": true,
      "sourceSheet": "sheet-0.png",
      "pass": false,
      "failure": {
        "code": "UI_SHEET_PART_UNVERIFIED",
        "message": "No complete standalone silhouette matches the supplied box."
      }
    },
    {
      "fingerprint": "3d7805dd520da58dd40688403046d7bf17d822420a71b97c80fbb215382e7240",
      "part": "credits",
      "nodes": [
        "CreditsButton"
      ],
      "required": true,
      "sourceSheet": "sheet-2.png",
      "pass": false,
      "failure": {
        "code": "UI_SHEET_PART_UNVERIFIED",
        "message": "No complete standalone silhouette matches the supplied box."
      }
    },
    {
      "fingerprint": "5abfae11096db8f5d58b7a070a366faaf08bc937c2e479dcf9bc828bb4811078",
      "part": "settings",
      "nodes": [
        "SettingsButton"
      ],
      "required": true,
      "sourceSheet": "sheet-2.png",
      "pass": false,
      "failure": {
        "code": "UI_SHEET_PART_UNVERIFIED",
        "message": "No complete standalone silhouette matches the supplied box."
      }
    },
    {
      "fingerprint": "829ba6f25360f704e782681dc26c296e7e198d3e3b80217803dcbf478b39c693",
      "part": "toggle_thumb",
      "nodes": [
        "MusicToggleThumb"
      ],
      "required": true,
      "sourceSheet": "sheet-2.png",
      "pass": false,
      "failure": {
        "code": "UI_SHEET_PART_UNVERIFIED",
        "message": "No complete standalone silhouette matches the supplied box."
      }
    },
    {
      "fingerprint": "892d4f03575a7c5cd19371ffbd39d4b3af0331685749040fbe23d65530bd998c",
      "part": "close",
      "nodes": [
        "SettingsCloseButton",
        "CreditsCloseButton"
      ],
      "required": true,
      "sourceSheet": "sheet-2.png",
      "pass": false,
      "failure": {
        "code": "UI_SHEET_PART_UNVERIFIED",
        "message": "No complete standalone silhouette matches the supplied box."
      }
    },
    {
      "fingerprint": "a4b5de4c3a6d645a4f512a2984e377c09971bbec8715fcc0138d1a3e57d76106",
      "part": "play",
      "nodes": [
        "PlayButton"
      ],
      "required": true,
      "sourceSheet": "sheet-2.png",
      "pass": false,
      "failure": {
        "code": "UI_SHEET_PART_UNVERIFIED",
        "message": "No complete standalone silhouette matches the supplied box."
      }
    }
  ]
}
